64.246.133.6 - - [08/Aug/2024:05:09:19 +0000] "GET /app/reset_password/_stcore/host-config HTTP/1.1" 404 891 "http://211.218.17.10/app/reset_password?token=eyJhbGciOiJIUzI1NiIsInR5cCI6IkpXVCJ9.eyJleHAiOjE3MjMyNjY1MzAuMjY0NzAyLCJuYmYiOjE3MjMwOTM3MzAsInN1YiI6ImN5a2JveTQzQGdtYWlsLmNvbSJ9.NRmn-X4n8FRv6oQTvTDgn3MjeWBgFhZRXy6JM8kqc84" "Mozilla/5.0 (Windows NT 10.0; Win64; x64) AppleWebKit/537.36 (KHTML, like Gecko) Chrome/125.0.0.0 Safari/537.36"
64.246.133.6 - - [08/Aug/2024:05:09:19 +0000] "GET /app/reset_password/_stcore/health HTTP/1.1" 404 891 "http://211.218.17.10/app/reset_password?token=eyJhbGciOiJIUzI1NiIsInR5cCI6IkpXVCJ9.eyJleHAiOjE3MjMyNjY1MzAuMjY0NzAyLCJuYmYiOjE3MjMwOTM3MzAsInN1YiI6ImN5a2JveTQzQGdtYWlsLmNvbSJ9.NRmn-X4n8FRv6oQTvTDgn3MjeWBgFhZRXy6JM8kqc84" "Mozilla/5.0 (Windows NT 10.0; Win64; x64) AppleWebKit/537.36 (KHTML, like Gecko) Chrome/125.0.0.0 Safari/537.36"
64.246.133.6 - - [08/Aug/2024:05:09:20 +0000] "GET /app/_stcore/host-config HTTP/1.1" 200 636 "http://211.218.17.10/app/reset_password?token=eyJhbGciOiJIUzI1NiIsInR5cCI6IkpXVCJ9.eyJleHAiOjE3MjMyNjY1MzAuMjY0NzAyLCJuYmYiOjE3MjMwOTM3MzAsInN1YiI6ImN5a2JveTQzQGdtYWlsLmNvbSJ9.NRmn-X4n8FRv6oQTvTDgn3MjeWBgFhZRXy6JM8kqc84" "Mozilla/5.0 (Windows NT 10.0; Win64; x64) AppleWebKit/537.36 (KHTML, like Gecko) Chrome/125.0.0.0 Safari/537.36"
64.246.133.6 - - [08/Aug/2024:05:09:20 +0000] "GET /app/_stcore/health HTTP/1.1" 200 2 "http://211.218.17.10/app/reset_password?token=eyJhbGciOiJIUzI1NiIsInR5cCI6IkpXVCJ9.eyJleHAiOjE3MjMyNjY1MzAuMjY0NzAyLCJuYmYiOjE3MjMwOTM3MzAsInN1YiI6ImN5a2JveTQzQGdtYWlsLmNvbSJ9.NRmn-X4n8FRv6oQTvTDgn3MjeWBgFhZRXy6JM8kqc84" "Mozilla/5.0 (Windows NT 10.0; Win64; x64) AppleWebKit/537.36 (KHTML, like Gecko) Chrome/125.0.0.0 Safari/537.36"
204.116.80.37 - - [08/Aug/2024:05:09:20 +0000] "GET /app/reset_password/_stcore/host-config HTTP/1.1" 404 891 "http://211.218.17.10/app/reset_password?token=eyJhbGciOiJIUzI1NiIsInR5cCI6IkpXVCJ9.eyJleHAiOjE3MjMyNjY1MzAuMjY0NzAyLCJuYmYiOjE3MjMwOTM3MzAsInN1YiI6ImN5a2JveTQzQGdtYWlsLmNvbSJ9.NRmn-X4n8FRv6oQTvTDgn3MjeWBgFhZRXy6JM8kqc84" "Mozilla/5.0 (Windows NT 10.0; Win64; x64) AppleWebKit/537.36 (KHTML, like Gecko) Chrome/126.0.0.0 Safari/537.36"
204.116.80.37 - - [08/Aug/2024:05:09:20 +0000] "GET /app/reset_password/_stcore/health HTTP/1.1" 404 891 "http://211.218.17.10/app/reset_password?token=eyJhbGciOiJIUzI1NiIsInR5cCI6IkpXVCJ9.eyJleHAiOjE3MjMyNjY1MzAuMjY0NzAyLCJuYmYiOjE3MjMwOTM3MzAsInN1YiI6ImN5a2JveTQzQGdtYWlsLmNvbSJ9.NRmn-X4n8FRv6oQTvTDgn3MjeWBgFhZRXy6JM8kqc84" "Mozilla/5.0 (Windows NT 10.0; Win64; x64) AppleWebKit/537.36 (KHTML, like Gecko) Chrome/126.0.0.0 Safari/537.36"
204.116.80.37 - - [08/Aug/2024:05:09:20 +0000] "GET /app/_stcore/health HTTP/1.1" 200 2 "http://211.218.17.10/app/reset_password?token=eyJhbGciOiJIUzI1NiIsInR5cCI6IkpXVCJ9.eyJleHAiOjE3MjMyNjY1MzAuMjY0NzAyLCJuYmYiOjE3MjMwOTM3MzAsInN1YiI6ImN5a2JveTQzQGdtYWlsLmNvbSJ9.NRmn-X4n8FRv6oQTvTDgn3MjeWBgFhZRXy6JM8kqc84" "Mozilla/5.0 (Windows NT 10.0; Win64; x64) AppleWebKit/537.36 (KHTML, like Gecko) Chrome/126.0.0.0 Safari/537.36"
204.116.80.37 - - [08/Aug/2024:05:09:20 +0000] "GET /app/_stcore/host-config HTTP/1.1" 200 636 "http://211.218.17.10/app/reset_password?token=eyJhbGciOiJIUzI1NiIsInR5cCI6IkpXVCJ9.eyJleHAiOjE3MjMyNjY1MzAuMjY0NzAyLCJuYmYiOjE3MjMwOTM3MzAsInN1YiI6ImN5a2JveTQzQGdtYWlsLmNvbSJ9.NRmn-X4n8FRv6oQTvTDgn3MjeWBgFhZRXy6JM8kqc84" "Mozilla/5.0 (Windows NT 10.0; Win64; x64) AppleWebKit/537.36 (KHTML, like Gecko) Chrome/126.0.0.0 Safari/537.36"
64.246.133.6 - - [08/Aug/2024:05:09:20 +0000] "GET /app/reset_password/_stcore/health HTTP/1.1" 404 891 "http://211.218.17.10/app/reset_password?token=eyJhbGciOiJIUzI1NiIsInR5cCI6IkpXVCJ9.eyJleHAiOjE3MjMyNjY1MzAuMjY0NzAyLCJuYmYiOjE3MjMwOTM3MzAsInN1YiI6ImN5a2JveTQzQGdtYWlsLmNvbSJ9.NRmn-X4n8FRv6oQTvTDgn3MjeWBgFhZRXy6JM8kqc84" "Mozilla/5.0 (Windows NT 10.0; Win64; x64) AppleWebKit/537.36 (KHTML, like Gecko) Chrome/125.0.0.0 Safari/537.36"
64.246.133.6 - - [08/Aug/2024:05:09:20 +0000] "GET /app/reset_password/_stcore/host-config HTTP/1.1" 404 891 "http://211.218.17.10/app/reset_password?token=eyJhbGciOiJIUzI1NiIsInR5cCI6IkpXVCJ9.eyJleHAiOjE3MjMyNjY1MzAuMjY0NzAyLCJuYmYiOjE3MjMwOTM3MzAsInN1YiI6ImN5a2JveTQzQGdtYWlsLmNvbSJ9.NRmn-X4n8FRv6oQTvTDgn3MjeWBgFhZRXy6JM8kqc84" "Mozilla/5.0 (Windows NT 10.0; Win64; x64) AppleWebKit/537.36 (KHTML, like Gecko) Chrome/125.0.0.0 Safari/537.36"
204.116.80.37 - - [08/Aug/2024:05:09:20 +0000] "GET /app/reset_password/_stcore/health HTTP/1.1" 404 891 "http://211.218.17.10/app/reset_password?token=eyJhbGciOiJIUzI1NiIsInR5cCI6IkpXVCJ9.eyJleHAiOjE3MjMyNjY1MzAuMjY0NzAyLCJuYmYiOjE3MjMwOTM3MzAsInN1YiI6ImN5a2JveTQzQGdtYWlsLmNvbSJ9.NRmn-X4n8FRv6oQTvTDgn3MjeWBgFhZRXy6JM8kqc84" "Mozilla/5.0 (Windows NT 10.0; Win64; x64) AppleWebKit/537.36 (KHTML, like Gecko) Chrome/126.0.0.0 Safari/537.36"
204.116.80.37 - - [08/Aug/2024:05:09:20 +0000] "GET /app/reset_password/_stcore/host-config HTTP/1.1" 404 891 "http://211.218.17.10/app/reset_password?token=eyJhbGciOiJIUzI1NiIsInR5cCI6IkpXVCJ9.eyJleHAiOjE3MjMyNjY1MzAuMjY0NzAyLCJuYmYiOjE3MjMwOTM3MzAsInN1YiI6ImN5a2JveTQzQGdtYWlsLmNvbSJ9.NRmn-X4n8FRv6oQTvTDgn3MjeWBgFhZRXy6JM8kqc84" "Mozilla/5.0 (Windows NT 10.0; Win64; x64) AppleWebKit/537.36 (KHTML, like Gecko) Chrome/126.0.0.0 Safari/537.36"
64.246.133.6 - - [08/Aug/2024:05:09:20 +0000] "GET /app/_stcore/host-config HTTP/1.1" 304 0 "http://211.218.17.10/app/reset_password?token=eyJhbGciOiJIUzI1NiIsInR5cCI6IkpXVCJ9.eyJleHAiOjE3MjMyNjY1MzAuMjY0NzAyLCJuYmYiOjE3MjMwOTM3MzAsInN1YiI6ImN5a2JveTQzQGdtYWlsLmNvbSJ9.NRmn-X4n8FRv6oQTvTDgn3MjeWBgFhZRXy6JM8kqc84" "Mozilla/5.0 (Windows NT 10.0; Win64; x64) AppleWebKit/537.36 (KHTML, like Gecko) Chrome/125.0.0.0 Safari/537.36"
64.246.133.6 - - [08/Aug/2024:05:09:20 +0000] "GET /app/_stcore/health HTTP/1.1" 304 0 "http://211.218.17.10/app/reset_password?token=eyJhbGciOiJIUzI1NiIsInR5cCI6IkpXVCJ9.eyJleHAiOjE3MjMyNjY1MzAuMjY0NzAyLCJuYmYiOjE3MjMwOTM3MzAsInN1YiI6ImN5a2JveTQzQGdtYWlsLmNvbSJ9.NRmn-X4n8FRv6oQTvTDgn3MjeWBgFhZRXy6JM8kqc84" "Mozilla/5.0 (Windows NT 10.0; Win64; x64) AppleWebKit/537.36 (KHTML, like Gecko) Chrome/125.0.0.0 Safari/537.36"
204.116.80.37 - - [08/Aug/2024:05:09:20 +0000] "GET /app/_stcore/health HTTP/1.1" 304 0 "http://211.218.17.10/app/reset_password?token=eyJhbGciOiJIUzI1NiIsInR5cCI6IkpXVCJ9.eyJleHAiOjE3MjMyNjY1MzAuMjY0NzAyLCJuYmYiOjE3MjMwOTM3MzAsInN1YiI6ImN5a2JveTQzQGdtYWlsLmNvbSJ9.NRmn-X4n8FRv6oQTvTDgn3MjeWBgFhZRXy6JM8kqc84" "Mozilla/5.0 (Windows NT 10.0; Win64; x64) AppleWebKit/537.36 (KHTML, like Gecko) Chrome/126.0.0.0 Safari/537.36"
204.116.80.37 - - [08/Aug/2024:05:09:20 +0000] "GET /app/_stcore/host-config HTTP/1.1" 304 0 "http://211.218.17.10/app/reset_password?token=eyJhbGciOiJIUzI1NiIsInR5cCI6IkpXVCJ9.eyJleHAiOjE3MjMyNjY1MzAuMjY0NzAyLCJuYmYiOjE3MjMwOTM3MzAsInN1YiI6ImN5a2JveTQzQGdtYWlsLmNvbSJ9.NRmn-X4n8FRv6oQTvTDgn3MjeWBgFhZRXy6JM8kqc84" "Mozilla/5.0 (Windows NT 10.0; Win64; x64) AppleWebKit/537.36 (KHTML, like Gecko) Chrome/126.0.0.0 Safari/537.36"
204.116.80.37 - - [08/Aug/2024:05:09:21 +0000] "GET /app/_stcore/stream HTTP/1.1" 101 0 "-" "Mozilla/5.0 (Windows NT 10.0; Win64; x64) AppleWebKit/537.36 (KHTML, like Gecko) Chrome/126.0.0.0 Safari/537.36"
64.246.133.6 - - [08/Aug/2024:05:09:21 +0000] "GET /app/_stcore/stream HTTP/1.1" 101 0 "-" "Mozilla/5.0 (Windows NT 10.0; Win64; x64) AppleWebKit/537.36 (KHTML, like Gecko) Chrome/125.0.0.0 Safari/537.36"
5.8.11.202 - - [08/Aug/2024:05:12:03 +0000] "GET / HTTP/1.0" 404 146 "-" "Mozilla/5.0 (iPhone; CPU iPhone OS 8_3 like Mac OS X) AppleWebKit/600.1.4 (KHTML, like Gecko) Version/8.0 Mobile/12F70 Safari/600.1.4"
211.218.17.9 - - [08/Aug/2024:05:13:55 +0000] "GET /app/ HTTP/1.1" 304 0 "-" "Mozilla/5.0 (Windows NT 10.0; Win64; x64) AppleWebKit/537.36 (KHTML, like Gecko) Chrome/127.0.0.0 Safari/537.36"
211.218.17.9 - - [08/Aug/2024:05:13:55 +0000] "GET /app/_stcore/stream HTTP/1.1" 101 58818 "-" "Mozilla/5.0 (Windows NT 10.0; Win64; x64) AppleWebKit/537.36 (KHTML, like Gecko) Chrome/127.0.0.0 Safari/537.36"
211.218.17.9 - - [08/Aug/2024:05:13:56 +0000] "GET /app/_stcore/health HTTP/1.1" 304 0 "http://211.218.17.10/app/" "Mozilla/5.0 (Windows NT 10.0; Win64; x64) AppleWebKit/537.36 (KHTML, like Gecko) Chrome/127.0.0.0 Safari/537.36"
211.218.17.9 - - [08/Aug/2024:05:13:56 +0000] "GET /app/_stcore/host-config HTTP/1.1" 304 0 "http://211.218.17.10/app/" "Mozilla/5.0 (Windows NT 10.0; Win64; x64) AppleWebKit/537.36 (KHTML, like Gecko) Chrome/127.0.0.0 Safari/537.36"
211.218.17.9 - - [08/Aug/2024:05:13:56 +0000] "GET /app/media/a75765ac9fadf08bacc6595da393c730d20361119c6a272c7f38a7d3.png HTTP/1.1" 304 0 "http://211.218.17.10/app/" "Mozilla/5.0 (Windows NT 10.0; Win64; x64) AppleWebKit/537.36 (KHTML, like Gecko) Chrome/127.0.0.0 Safari/537.36"
211.218.17.9 - - [08/Aug/2024:05:14:21 +0000] "GET /app/reset_password?token=eyJhbGciOiJIUzI1NiIsInR5cCI6IkpXVCJ9.eyJleHAiOjE3MjMyNjY4NDYuNTIxNzM1LCJuYmYiOjE3MjMwOTQwNDYsInN1YiI6ImN5a2JveTQzQGdtYWlsLmNvbSJ9.UGF9e_r0qKaU90v9vhqgR73YuA0PVWKVJLWqoBMRJ7w HTTP/1.1" 200 476 "-" "Mozilla/5.0 (Windows NT 10.0; Win64; x64) AppleWebKit/537.36 (KHTML, like Gecko) Chrome/127.0.0.0 Safari/537.36"
211.218.17.9 - - [08/Aug/2024:05:14:22 +0000] "GET /app/reset_password/_stcore/health HTTP/1.1" 404 891 "http://211.218.17.10/app/reset_password?token=eyJhbGciOiJIUzI1NiIsInR5cCI6IkpXVCJ9.eyJleHAiOjE3MjMyNjY4NDYuNTIxNzM1LCJuYmYiOjE3MjMwOTQwNDYsInN1YiI6ImN5a2JveTQzQGdtYWlsLmNvbSJ9.UGF9e_r0qKaU90v9vhqgR73YuA0PVWKVJLWqoBMRJ7w" "Mozilla/5.0 (Windows NT 10.0; Win64; x64) AppleWebKit/537.36 (KHTML, like Gecko) Chrome/127.0.0.0 Safari/537.36"
211.218.17.9 - - [08/Aug/2024:05:14:22 +0000] "GET /app/reset_password/_stcore/host-config HTTP/1.1" 404 891 "http://211.218.17.10/app/reset_password?token=eyJhbGciOiJIUzI1NiIsInR5cCI6IkpXVCJ9.eyJleHAiOjE3MjMyNjY4NDYuNTIxNzM1LCJuYmYiOjE3MjMwOTQwNDYsInN1YiI6ImN5a2JveTQzQGdtYWlsLmNvbSJ9.UGF9e_r0qKaU90v9vhqgR73YuA0PVWKVJLWqoBMRJ7w" "Mozilla/5.0 (Windows NT 10.0; Win64; x64) AppleWebKit/537.36 (KHTML, like Gecko) Chrome/127.0.0.0 Safari/537.36"
211.218.17.9 - - [08/Aug/2024:05:14:23 +0000] "GET /app/_stcore/host-config HTTP/1.1" 304 0 "http://211.218.17.10/app/reset_password?token=eyJhbGciOiJIUzI1NiIsInR5cCI6IkpXVCJ9.eyJleHAiOjE3MjMyNjY4NDYuNTIxNzM1LCJuYmYiOjE3MjMwOTQwNDYsInN1YiI6ImN5a2JveTQzQGdtYWlsLmNvbSJ9.UGF9e_r0qKaU90v9vhqgR73YuA0PVWKVJLWqoBMRJ7w" "Mozilla/5.0 (Windows NT 10.0; Win64; x64) AppleWebKit/537.36 (KHTML, like Gecko) Chrome/127.0.0.0 Safari/537.36"
211.218.17.9 - - [08/Aug/2024:05:14:23 +0000] "GET /app/_stcore/health HTTP/1.1" 304 0 "http://211.218.17.10/app/reset_password?token=eyJhbGciOiJIUzI1NiIsInR5cCI6IkpXVCJ9.eyJleHAiOjE3MjMyNjY4NDYuNTIxNzM1LCJuYmYiOjE3MjMwOTQwNDYsInN1YiI6ImN5a2JveTQzQGdtYWlsLmNvbSJ9.UGF9e_r0qKaU90v9vhqgR73YuA0PVWKVJLWqoBMRJ7w" "Mozilla/5.0 (Windows NT 10.0; Win64; x64) AppleWebKit/537.36 (KHTML, like Gecko) Chrome/127.0.0.0 Safari/537.36"
211.218.17.9 - - [08/Aug/2024:05:14:23 +0000] "GET /app/media/a75765ac9fadf08bacc6595da393c730d20361119c6a272c7f38a7d3.png HTTP/1.1" 304 0 "http://211.218.17.10/app/reset_password?token=eyJhbGciOiJIUzI1NiIsInR5cCI6IkpXVCJ9.eyJleHAiOjE3MjMyNjY4NDYuNTIxNzM1LCJuYmYiOjE3MjMwOTQwNDYsInN1YiI6ImN5a2JveTQzQGdtYWlsLmNvbSJ9.UGF9e_r0qKaU90v9vhqgR73YuA0PVWKVJLWqoBMRJ7w" "Mozilla/5.0 (Windows NT 10.0; Win64; x64) AppleWebKit/537.36 (KHTML, like Gecko) Chrome/127.0.0.0 Safari/537.36"
74.51.221.37 - - [08/Aug/2024:05:14:26 +0000] "GET /app/reset_password?token=eyJhbGciOiJIUzI1NiIsInR5cCI6IkpXVCJ9.eyJleHAiOjE3MjMyNjY4NDYuNTIxNzM1LCJuYmYiOjE3MjMwOTQwNDYsInN1YiI6ImN5a2JveTQzQGdtYWlsLmNvbSJ9.UGF9e_r0qKaU90v9vhqgR73YuA0PVWKVJLWqoBMRJ7w HTTP/1.1" 200 476 "-" "Mozilla/5.0 (Windows NT 10.0; Win64; x64) AppleWebKit/537.36 (KHTML, like Gecko) Chrome/126.0.0.0 Safari/537.36"
74.51.221.37 - - [08/Aug/2024:05:14:27 +0000] "GET /app/static/media/SourceSansPro-Regular.0d69e5ff5e92ac64a0c9.woff2 HTTP/1.1" 200 77664 "http://211.218.17.10/app/reset_password?token=eyJhbGciOiJIUzI1NiIsInR5cCI6IkpXVCJ9.eyJleHAiOjE3MjMyNjY4NDYuNTIxNzM1LCJuYmYiOjE3MjMwOTQwNDYsInN1YiI6ImN5a2JveTQzQGdtYWlsLmNvbSJ9.UGF9e_r0qKaU90v9vhqgR73YuA0PVWKVJLWqoBMRJ7w" "Mozilla/5.0 (Windows NT 10.0; Win64; x64) AppleWebKit/537.36 (KHTML, like Gecko) Chrome/126.0.0.0 Safari/537.36"
74.51.221.37 - - [08/Aug/2024:05:14:27 +0000] "GET /app/static/css/main.29bca1b5.css HTTP/1.1" 200 5224 "http://211.218.17.10/app/reset_password?token=eyJhbGciOiJIUzI1NiIsInR5cCI6IkpXVCJ9.eyJleHAiOjE3MjMyNjY4NDYuNTIxNzM1LCJuYmYiOjE3MjMwOTQwNDYsInN1YiI6ImN5a2JveTQzQGdtYWlsLmNvbSJ9.UGF9e_r0qKaU90v9vhqgR73YuA0PVWKVJLWqoBMRJ7w" "Mozilla/5.0 (Windows NT 10.0; Win64; x64) AppleWebKit/537.36 (KHTML, like Gecko) Chrome/126.0.0.0 Safari/537.36"
74.51.221.37 - - [08/Aug/2024:05:14:27 +0000] "GET /app/static/media/SourceSansPro-Bold.118dea98980e20a81ced.woff2 HTTP/1.1" 200 76860 "http://211.218.17.10/app/reset_password?token=eyJhbGciOiJIUzI1NiIsInR5cCI6IkpXVCJ9.eyJleHAiOjE3MjMyNjY4NDYuNTIxNzM1LCJuYmYiOjE3MjMwOTQwNDYsInN1YiI6ImN5a2JveTQzQGdtYWlsLmNvbSJ9.UGF9e_r0qKaU90v9vhqgR73YuA0PVWKVJLWqoBMRJ7w" "Mozilla/5.0 (Windows NT 10.0; Win64; x64) AppleWebKit/537.36 (KHTML, like Gecko) Chrome/126.0.0.0 Safari/537.36"
74.51.221.37 - - [08/Aug/2024:05:14:27 +0000] "GET /app/static/media/SourceSansPro-SemiBold.abed79cd0df1827e18cf.woff2 HTTP/1.1" 200 77452 "http://211.218.17.10/app/reset_password?token=eyJhbGciOiJIUzI1NiIsInR5cCI6IkpXVCJ9.eyJleHAiOjE3MjMyNjY4NDYuNTIxNzM1LCJuYmYiOjE3MjMwOTQwNDYsInN1YiI6ImN5a2JveTQzQGdtYWlsLmNvbSJ9.UGF9e_r0qKaU90v9vhqgR73YuA0PVWKVJLWqoBMRJ7w" "Mozilla/5.0 (Windows NT 10.0; Win64; x64) AppleWebKit/537.36 (KHTML, like Gecko) Chrome/126.0.0.0 Safari/537.36"
74.51.221.37 - - [08/Aug/2024:05:14:28 +0000] "GET /app/static/js/main.d55f6a3c.js HTTP/1.1" 200 1017301 "http://211.218.17.10/app/reset_password?token=eyJhbGciOiJIUzI1NiIsInR5cCI6IkpXVCJ9.eyJleHAiOjE3MjMyNjY4NDYuNTIxNzM1LCJuYmYiOjE3MjMwOTQwNDYsInN1YiI6ImN5a2JveTQzQGdtYWlsLmNvbSJ9.UGF9e_r0qKaU90v9vhqgR73YuA0PVWKVJLWqoBMRJ7w" "Mozilla/5.0 (Windows NT 10.0; Win64; x64) AppleWebKit/537.36 (KHTML, like Gecko) Chrome/126.0.0.0 Safari/537.36"
74.51.221.37 - - [08/Aug/2024:05:14:29 +0000] "GET /app/reset_password/_stcore/host-config HTTP/1.1" 404 891 "http://211.218.17.10/app/reset_password?token=eyJhbGciOiJIUzI1NiIsInR5cCI6IkpXVCJ9.eyJleHAiOjE3MjMyNjY4NDYuNTIxNzM1LCJuYmYiOjE3MjMwOTQwNDYsInN1YiI6ImN5a2JveTQzQGdtYWlsLmNvbSJ9.UGF9e_r0qKaU90v9vhqgR73YuA0PVWKVJLWqoBMRJ7w" "Mozilla/5.0 (Windows NT 10.0; Win64; x64) AppleWebKit/537.36 (KHTML, like Gecko) Chrome/126.0.0.0 Safari/537.36"
74.51.221.37 - - [08/Aug/2024:05:14:29 +0000] "GET /app/reset_password/_stcore/health HTTP/1.1" 404 891 "http://211.218.17.10/app/reset_password?token=eyJhbGciOiJIUzI1NiIsInR5cCI6IkpXVCJ9.eyJleHAiOjE3MjMyNjY4NDYuNTIxNzM1LCJuYmYiOjE3MjMwOTQwNDYsInN1YiI6ImN5a2JveTQzQGdtYWlsLmNvbSJ9.UGF9e_r0qKaU90v9vhqgR73YuA0PVWKVJLWqoBMRJ7w" "Mozilla/5.0 (Windows NT 10.0; Win64; x64) AppleWebKit/537.36 (KHTML, like Gecko) Chrome/126.0.0.0 Safari/537.36"
74.51.221.37 - - [08/Aug/2024:05:14:30 +0000] "GET /app/_stcore/host-config HTTP/1.1" 200 636 "http://211.218.17.10/app/reset_password?token=eyJhbGciOiJIUzI1NiIsInR5cCI6IkpXVCJ9.eyJleHAiOjE3MjMyNjY4NDYuNTIxNzM1LCJuYmYiOjE3MjMwOTQwNDYsInN1YiI6ImN5a2JveTQzQGdtYWlsLmNvbSJ9.UGF9e_r0qKaU90v9vhqgR73YuA0PVWKVJLWqoBMRJ7w" "Mozilla/5.0 (Windows NT 10.0; Win64; x64) AppleWebKit/537.36 (KHTML, like Gecko) Chrome/126.0.0.0 Safari/537.36"
74.51.221.37 - - [08/Aug/2024:05:14:30 +0000] "GET /app/_stcore/health HTTP/1.1" 200 2 "http://211.218.17.10/app/reset_password?token=eyJhbGciOiJIUzI1NiIsInR5cCI6IkpXVCJ9.eyJleHAiOjE3MjMyNjY4NDYuNTIxNzM1LCJuYmYiOjE3MjMwOTQwNDYsInN1YiI6ImN5a2JveTQzQGdtYWlsLmNvbSJ9.UGF9e_r0qKaU90v9vhqgR73YuA0PVWKVJLWqoBMRJ7w" "Mozilla/5.0 (Windows NT 10.0; Win64; x64) AppleWebKit/537.36 (KHTML, like Gecko) Chrome/126.0.0.0 Safari/537.36"
74.51.221.37 - - [08/Aug/2024:05:14:30 +0000] "GET /app/reset_password/_stcore/host-config HTTP/1.1" 404 891 "http://211.218.17.10/app/reset_password?token=eyJhbGciOiJIUzI1NiIsInR5cCI6IkpXVCJ9.eyJleHAiOjE3MjMyNjY4NDYuNTIxNzM1LCJuYmYiOjE3MjMwOTQwNDYsInN1YiI6ImN5a2JveTQzQGdtYWlsLmNvbSJ9.UGF9e_r0qKaU90v9vhqgR73YuA0PVWKVJLWqoBMRJ7w" "Mozilla/5.0 (Windows NT 10.0; Win64; x64) AppleWebKit/537.36 (KHTML, like Gecko) Chrome/126.0.0.0 Safari/537.36"
74.51.221.37 - - [08/Aug/2024:05:14:30 +0000] "GET /app/reset_password/_stcore/health HTTP/1.1" 404 891 "http://211.218.17.10/app/reset_password?token=eyJhbGciOiJIUzI1NiIsInR5cCI6IkpXVCJ9.eyJleHAiOjE3MjMyNjY4NDYuNTIxNzM1LCJuYmYiOjE3MjMwOTQwNDYsInN1YiI6ImN5a2JveTQzQGdtYWlsLmNvbSJ9.UGF9e_r0qKaU90v9vhqgR73YuA0PVWKVJLWqoBMRJ7w" "Mozilla/5.0 (Windows NT 10.0; Win64; x64) AppleWebKit/537.36 (KHTML, like Gecko) Chrome/126.0.0.0 Safari/537.36"
74.51.221.37 - - [08/Aug/2024:05:14:30 +0000] "GET /app/_stcore/host-config HTTP/1.1" 304 0 "http://211.218.17.10/app/reset_password?token=eyJhbGciOiJIUzI1NiIsInR5cCI6IkpXVCJ9.eyJleHAiOjE3MjMyNjY4NDYuNTIxNzM1LCJuYmYiOjE3MjMwOTQwNDYsInN1YiI6ImN5a2JveTQzQGdtYWlsLmNvbSJ9.UGF9e_r0qKaU90v9vhqgR73YuA0PVWKVJLWqoBMRJ7w" "Mozilla/5.0 (Windows NT 10.0; Win64; x64) AppleWebKit/537.36 (KHTML, like Gecko) Chrome/126.0.0.0 Safari/537.36"
74.51.221.37 - - [08/Aug/2024:05:14:30 +0000] "GET /app/_stcore/health HTTP/1.1" 304 0 "http://211.218.17.10/app/reset_password?token=eyJhbGciOiJIUzI1NiIsInR5cCI6IkpXVCJ9.eyJleHAiOjE3MjMyNjY4NDYuNTIxNzM1LCJuYmYiOjE3MjMwOTQwNDYsInN1YiI6ImN5a2JveTQzQGdtYWlsLmNvbSJ9.UGF9e_r0qKaU90v9vhqgR73YuA0PVWKVJLWqoBMRJ7w" "Mozilla/5.0 (Windows NT 10.0; Win64; x64) AppleWebKit/537.36 (KHTML, like Gecko) Chrome/126.0.0.0 Safari/537.36"
74.51.221.37 - - [08/Aug/2024:05:14:31 +0000] "GET /app/_stcore/stream HTTP/1.1" 101 0 "-" "Mozilla/5.0 (Windows NT 10.0; Win64; x64) AppleWebKit/537.36 (KHTML, like Gecko) Chrome/126.0.0.0 Safari/537.36"
211.218.17.9 - - [08/Aug/2024:05:19:18 +0000] "GET /app/forgot_password HTTP/1.1" 200 476 "-" "Mozilla/5.0 (Windows NT 10.0; Win64; x64) AppleWebKit/537.36 (KHTML, like Gecko) Chrome/127.0.0.0 Safari/537.36"
211.218.17.9 - - [08/Aug/2024:05:19:18 +0000] "GET /app/_stcore/stream HTTP/1.1" 101 69310 "-" "Mozilla/5.0 (Windows NT 10.0; Win64; x64) AppleWebKit/537.36 (KHTML, like Gecko) Chrome/127.0.0.0 Safari/537.36"
211.218.17.9 - - [08/Aug/2024:05:19:18 +0000] "GET /app/forgot_password/_stcore/health HTTP/1.1" 404 891 "http://211.218.17.10/app/forgot_password" "Mozilla/5.0 (Windows NT 10.0; Win64; x64) AppleWebKit/537.36 (KHTML, like Gecko) Chrome/127.0.0.0 Safari/537.36"
211.218.17.9 - - [08/Aug/2024:05:19:18 +0000] "GET /app/forgot_password/_stcore/host-config HTTP/1.1" 404 891 "http://211.218.17.10/app/forgot_password" "Mozilla/5.0 (Windows NT 10.0; Win64; x64) AppleWebKit/537.36 (KHTML, like Gecko) Chrome/127.0.0.0 Safari/537.36"
211.218.17.9 - - [08/Aug/2024:05:19:19 +0000] "GET /app/_stcore/host-config HTTP/1.1" 304 0 "http://211.218.17.10/app/forgot_password" "Mozilla/5.0 (Windows NT 10.0; Win64; x64) AppleWebKit/537.36 (KHTML, like Gecko) Chrome/127.0.0.0 Safari/537.36"
211.218.17.9 - - [08/Aug/2024:05:19:19 +0000] "GET /app/_stcore/health HTTP/1.1" 304 0 "http://211.218.17.10/app/forgot_password" "Mozilla/5.0 (Windows NT 10.0; Win64; x64) AppleWebKit/537.36 (KHTML, like Gecko) Chrome/127.0.0.0 Safari/537.36"
211.218.17.9 - - [08/Aug/2024:05:19:19 +0000] "GET /app/media/a75765ac9fadf08bacc6595da393c730d20361119c6a272c7f38a7d3.png HTTP/1.1" 304 0 "http://211.218.17.10/app/forgot_password" "Mozilla/5.0 (Windows NT 10.0; Win64; x64) AppleWebKit/537.36 (KHTML, like Gecko) Chrome/127.0.0.0 Safari/537.36"
211.218.17.9 - - [08/Aug/2024:05:19:21 +0000] "GET /app/ HTTP/1.1" 304 0 "-" "Mozilla/5.0 (Windows NT 10.0; Win64; x64) AppleWebKit/537.36 (KHTML, like Gecko) Chrome/127.0.0.0 Safari/537.36"
211.218.17.9 - - [08/Aug/2024:05:19:21 +0000] "GET /app/_stcore/health HTTP/1.1" 304 0 "http://211.218.17.10/app/" "Mozilla/5.0 (Windows NT 10.0; Win64; x64) AppleWebKit/537.36 (KHTML, like Gecko) Chrome/127.0.0.0 Safari/537.36"
211.218.17.9 - - [08/Aug/2024:05:19:21 +0000] "GET /app/_stcore/host-config HTTP/1.1" 304 0 "http://211.218.17.10/app/" "Mozilla/5.0 (Windows NT 10.0; Win64; x64) AppleWebKit/537.36 (KHTML, like Gecko) Chrome/127.0.0.0 Safari/537.36"
211.218.17.9 - - [08/Aug/2024:05:19:22 +0000] "GET /app/_stcore/stream HTTP/1.1" 101 6722 "-" "Mozilla/5.0 (Windows NT 10.0; Win64; x64) AppleWebKit/537.36 (KHTML, like Gecko) Chrome/127.0.0.0 Safari/537.36"
211.218.17.9 - - [08/Aug/2024:05:19:22 +0000] "GET /app/media/a75765ac9fadf08bacc6595da393c730d20361119c6a272c7f38a7d3.png HTTP/1.1" 304 0 "http://211.218.17.10/app/" "Mozilla/5.0 (Windows NT 10.0; Win64; x64) AppleWebKit/537.36 (KHTML, like Gecko) Chrome/127.0.0.0 Safari/537.36"
211.218.17.9 - - [08/Aug/2024:05:25:11 +0000] "GET /app/ HTTP/1.1" 304 0 "-" "Mozilla/5.0 (Windows NT 10.0; Win64; x64) AppleWebKit/537.36 (KHTML, like Gecko) Chrome/127.0.0.0 Safari/537.36"
211.218.17.9 - - [08/Aug/2024:05:25:11 +0000] "GET /app/_stcore/stream HTTP/1.1" 101 34022 "-" "Mozilla/5.0 (Windows NT 10.0; Win64; x64) AppleWebKit/537.36 (KHTML, like Gecko) Chrome/127.0.0.0 Safari/537.36"
211.218.17.9 - - [08/Aug/2024:05:25:12 +0000] "GET /app/_stcore/health HTTP/1.1" 304 0 "http://211.218.17.10/app/" "Mozilla/5.0 (Windows NT 10.0; Win64; x64) AppleWebKit/537.36 (KHTML, like Gecko) Chrome/127.0.0.0 Safari/537.36"
211.218.17.9 - - [08/Aug/2024:05:25:12 +0000] "GET /app/_stcore/host-config HTTP/1.1" 304 0 "http://211.218.17.10/app/" "Mozilla/5.0 (Windows NT 10.0; Win64; x64) AppleWebKit/537.36 (KHTML, like Gecko) Chrome/127.0.0.0 Safari/537.36"
211.218.17.9 - - [08/Aug/2024:05:25:12 +0000] "GET /app/media/a75765ac9fadf08bacc6595da393c730d20361119c6a272c7f38a7d3.png HTTP/1.1" 304 0 "http://211.218.17.10/app/" "Mozilla/5.0 (Windows NT 10.0; Win64; x64) AppleWebKit/537.36 (KHTML, like Gecko) Chrome/127.0.0.0 Safari/537.36"
211.218.17.9 - - [08/Aug/2024:05:26:00 +0000] "GET /app/ HTTP/1.1" 304 0 "-" "Mozilla/5.0 (Windows NT 10.0; Win64; x64) AppleWebKit/537.36 (KHTML, like Gecko) Chrome/127.0.0.0 Safari/537.36"
211.218.17.9 - - [08/Aug/2024:05:26:00 +0000] "GET /app/_stcore/stream HTTP/1.1" 101 33421 "-" "Mozilla/5.0 (Windows NT 10.0; Win64; x64) AppleWebKit/537.36 (KHTML, like Gecko) Chrome/127.0.0.0 Safari/537.36"
211.218.17.9 - - [08/Aug/2024:05:26:01 +0000] "GET /app/_stcore/health HTTP/1.1" 304 0 "http://211.218.17.10/app/" "Mozilla/5.0 (Windows NT 10.0; Win64; x64) AppleWebKit/537.36 (KHTML, like Gecko) Chrome/127.0.0.0 Safari/537.36"
211.218.17.9 - - [08/Aug/2024:05:26:01 +0000] "GET /app/_stcore/host-config HTTP/1.1" 304 0 "http://211.218.17.10/app/" "Mozilla/5.0 (Windows NT 10.0; Win64; x64) AppleWebKit/537.36 (KHTML, like Gecko) Chrome/127.0.0.0 Safari/537.36"
211.218.17.9 - - [08/Aug/2024:05:26:01 +0000] "GET /app/media/a75765ac9fadf08bacc6595da393c730d20361119c6a272c7f38a7d3.png HTTP/1.1" 304 0 "http://211.218.17.10/app/" "Mozilla/5.0 (Windows NT 10.0; Win64; x64) AppleWebKit/537.36 (KHTML, like Gecko) Chrome/127.0.0.0 Safari/537.36"
211.218.17.9 - - [08/Aug/2024:05:26:18 +0000] "GET /app/_stcore/stream HTTP/1.1" 101 44508 "-" "Mozilla/5.0 (Windows NT 10.0; Win64; x64) AppleWebKit/537.36 (KHTML, like Gecko) Chrome/127.0.0.0 Safari/537.36"
211.218.17.9 - - [08/Aug/2024:05:26:19 +0000] "GET /app/_stcore/stream HTTP/1.1" 101 26146 "-" "Mozilla/5.0 (Windows NT 10.0; Win64; x64) AppleWebKit/537.36 (KHTML, like Gecko) Chrome/127.0.0.0 Safari/537.36"
211.218.17.9 - - [08/Aug/2024:05:26:26 +0000] "GET /app/reset_password?token=eyJhbGciOiJIUzI1NiIsInR5cCI6IkpXVCJ9.eyJleHAiOjE3MjMyNjc1NzEuNTg5ODU4LCJuYmYiOjE3MjMwOTQ3NzEsInN1YiI6ImN5a2JveTQzQGdtYWlsLmNvbSJ9.v71Li96xwah3l0_5t8_QhDkHbx5ipULopc9yvujZC2A HTTP/1.1" 200 476 "-" "Mozilla/5.0 (Windows NT 10.0; Win64; x64) AppleWebKit/537.36 (KHTML, like Gecko) Chrome/127.0.0.0 Safari/537.36"
211.218.17.9 - - [08/Aug/2024:05:26:26 +0000] "GET /app/reset_password/_stcore/host-config HTTP/1.1" 404 891 "http://211.218.17.10/app/reset_password?token=eyJhbGciOiJIUzI1NiIsInR5cCI6IkpXVCJ9.eyJleHAiOjE3MjMyNjc1NzEuNTg5ODU4LCJuYmYiOjE3MjMwOTQ3NzEsInN1YiI6ImN5a2JveTQzQGdtYWlsLmNvbSJ9.v71Li96xwah3l0_5t8_QhDkHbx5ipULopc9yvujZC2A" "Mozilla/5.0 (Windows NT 10.0; Win64; x64) AppleWebKit/537.36 (KHTML, like Gecko) Chrome/127.0.0.0 Safari/537.36"
211.218.17.9 - - [08/Aug/2024:05:26:26 +0000] "GET /app/reset_password/_stcore/health HTTP/1.1" 404 891 "http://211.218.17.10/app/reset_password?token=eyJhbGciOiJIUzI1NiIsInR5cCI6IkpXVCJ9.eyJleHAiOjE3MjMyNjc1NzEuNTg5ODU4LCJuYmYiOjE3MjMwOTQ3NzEsInN1YiI6ImN5a2JveTQzQGdtYWlsLmNvbSJ9.v71Li96xwah3l0_5t8_QhDkHbx5ipULopc9yvujZC2A" "Mozilla/5.0 (Windows NT 10.0; Win64; x64) AppleWebKit/537.36 (KHTML, like Gecko) Chrome/127.0.0.0 Safari/537.36"
211.218.17.9 - - [08/Aug/2024:05:26:27 +0000] "GET /app/_stcore/health HTTP/1.1" 304 0 "http://211.218.17.10/app/reset_password?token=eyJhbGciOiJIUzI1NiIsInR5cCI6IkpXVCJ9.eyJleHAiOjE3MjMyNjc1NzEuNTg5ODU4LCJuYmYiOjE3MjMwOTQ3NzEsInN1YiI6ImN5a2JveTQzQGdtYWlsLmNvbSJ9.v71Li96xwah3l0_5t8_QhDkHbx5ipULopc9yvujZC2A" "Mozilla/5.0 (Windows NT 10.0; Win64; x64) AppleWebKit/537.36 (KHTML, like Gecko) Chrome/127.0.0.0 Safari/537.36"
211.218.17.9 - - [08/Aug/2024:05:26:27 +0000] "GET /app/_stcore/host-config HTTP/1.1" 304 0 "http://211.218.17.10/app/reset_password?token=eyJhbGciOiJIUzI1NiIsInR5cCI6IkpXVCJ9.eyJleHAiOjE3MjMyNjc1NzEuNTg5ODU4LCJuYmYiOjE3MjMwOTQ3NzEsInN1YiI6ImN5a2JveTQzQGdtYWlsLmNvbSJ9.v71Li96xwah3l0_5t8_QhDkHbx5ipULopc9yvujZC2A" "Mozilla/5.0 (Windows NT 10.0; Win64; x64) AppleWebKit/537.36 (KHTML, like Gecko) Chrome/127.0.0.0 Safari/537.36"
211.218.17.9 - - [08/Aug/2024:05:26:27 +0000] "GET /app/media/a75765ac9fadf08bacc6595da393c730d20361119c6a272c7f38a7d3.png HTTP/1.1" 304 0 "http://211.218.17.10/app/reset_password?token=eyJhbGciOiJIUzI1NiIsInR5cCI6IkpXVCJ9.eyJleHAiOjE3MjMyNjc1NzEuNTg5ODU4LCJuYmYiOjE3MjMwOTQ3NzEsInN1YiI6ImN5a2JveTQzQGdtYWlsLmNvbSJ9.v71Li96xwah3l0_5t8_QhDkHbx5ipULopc9yvujZC2A" "Mozilla/5.0 (Windows NT 10.0; Win64; x64) AppleWebKit/537.36 (KHTML, like Gecko) Chrome/127.0.0.0 Safari/537.36"
204.116.80.37 - - [08/Aug/2024:05:26:31 +0000] "GET /app/reset_password?token=eyJhbGciOiJIUzI1NiIsInR5cCI6IkpXVCJ9.eyJleHAiOjE3MjMyNjc1NzEuNTg5ODU4LCJuYmYiOjE3MjMwOTQ3NzEsInN1YiI6ImN5a2JveTQzQGdtYWlsLmNvbSJ9.v71Li96xwah3l0_5t8_QhDkHbx5ipULopc9yvujZC2A HTTP/1.1" 200 476 "-" "Mozilla/5.0 (Windows NT 10.0; Win64; x64) AppleWebKit/537.36 (KHTML, like Gecko) Chrome/126.0.0.0 Safari/537.36"
63.124.68.6 - - [08/Aug/2024:05:26:31 +0000] "GET /app/reset_password?token=eyJhbGciOiJIUzI1NiIsInR5cCI6IkpXVCJ9.eyJleHAiOjE3MjMyNjc1NzEuNTg5ODU4LCJuYmYiOjE3MjMwOTQ3NzEsInN1YiI6ImN5a2JveTQzQGdtYWlsLmNvbSJ9.v71Li96xwah3l0_5t8_QhDkHbx5ipULopc9yvujZC2A HTTP/1.1" 200 476 "-" "Mozilla/5.0 (Windows NT 10.0; Win64; x64) AppleWebKit/537.36 (KHTML, like Gecko) Chrome/123.0.0.0 Safari/537.36 OPR/109.0.0.0"
204.116.80.37 - - [08/Aug/2024:05:26:31 +0000] "GET /app/static/media/SourceSansPro-Regular.0d69e5ff5e92ac64a0c9.woff2 HTTP/1.1" 200 77664 "http://211.218.17.10/app/reset_password?token=eyJhbGciOiJIUzI1NiIsInR5cCI6IkpXVCJ9.eyJleHAiOjE3MjMyNjc1NzEuNTg5ODU4LCJuYmYiOjE3MjMwOTQ3NzEsInN1YiI6ImN5a2JveTQzQGdtYWlsLmNvbSJ9.v71Li96xwah3l0_5t8_QhDkHbx5ipULopc9yvujZC2A" "Mozilla/5.0 (Windows NT 10.0; Win64; x64) AppleWebKit/537.36 (KHTML, like Gecko) Chrome/126.0.0.0 Safari/537.36"
204.116.80.37 - - [08/Aug/2024:05:26:31 +0000] "GET /app/static/css/main.29bca1b5.css HTTP/1.1" 200 5224 "http://211.218.17.10/app/reset_password?token=eyJhbGciOiJIUzI1NiIsInR5cCI6IkpXVCJ9.eyJleHAiOjE3MjMyNjc1NzEuNTg5ODU4LCJuYmYiOjE3MjMwOTQ3NzEsInN1YiI6ImN5a2JveTQzQGdtYWlsLmNvbSJ9.v71Li96xwah3l0_5t8_QhDkHbx5ipULopc9yvujZC2A" "Mozilla/5.0 (Windows NT 10.0; Win64; x64) AppleWebKit/537.36 (KHTML, like Gecko) Chrome/126.0.0.0 Safari/537.36"
63.124.68.6 - - [08/Aug/2024:05:26:31 +0000] "GET /app/static/media/SourceSansPro-Regular.0d69e5ff5e92ac64a0c9.woff2 HTTP/1.1" 200 77664 "http://211.218.17.10/app/reset_password?token=eyJhbGciOiJIUzI1NiIsInR5cCI6IkpXVCJ9.eyJleHAiOjE3MjMyNjc1NzEuNTg5ODU4LCJuYmYiOjE3MjMwOTQ3NzEsInN1YiI6ImN5a2JveTQzQGdtYWlsLmNvbSJ9.v71Li96xwah3l0_5t8_QhDkHbx5ipULopc9yvujZC2A" "Mozilla/5.0 (Windows NT 10.0; Win64; x64) AppleWebKit/537.36 (KHTML, like Gecko) Chrome/123.0.0.0 Safari/537.36 OPR/109.0.0.0"
204.116.80.37 - - [08/Aug/2024:05:26:32 +0000] "GET /app/static/media/SourceSansPro-Bold.118dea98980e20a81ced.woff2 HTTP/1.1" 200 76860 "http://211.218.17.10/app/reset_password?token=eyJhbGciOiJIUzI1NiIsInR5cCI6IkpXVCJ9.eyJleHAiOjE3MjMyNjc1NzEuNTg5ODU4LCJuYmYiOjE3MjMwOTQ3NzEsInN1YiI6ImN5a2JveTQzQGdtYWlsLmNvbSJ9.v71Li96xwah3l0_5t8_QhDkHbx5ipULopc9yvujZC2A" "Mozilla/5.0 (Windows NT 10.0; Win64; x64) AppleWebKit/537.36 (KHTML, like Gecko) Chrome/126.0.0.0 Safari/537.36"
204.116.80.37 - - [08/Aug/2024:05:26:32 +0000] "GET /app/static/media/SourceSansPro-SemiBold.abed79cd0df1827e18cf.woff2 HTTP/1.1" 200 77452 "http://211.218.17.10/app/reset_password?token=eyJhbGciOiJIUzI1NiIsInR5cCI6IkpXVCJ9.eyJleHAiOjE3MjMyNjc1NzEuNTg5ODU4LCJuYmYiOjE3MjMwOTQ3NzEsInN1YiI6ImN5a2JveTQzQGdtYWlsLmNvbSJ9.v71Li96xwah3l0_5t8_QhDkHbx5ipULopc9yvujZC2A" "Mozilla/5.0 (Windows NT 10.0; Win64; x64) AppleWebKit/537.36 (KHTML, like Gecko) Chrome/126.0.0.0 Safari/537.36"
63.124.68.6 - - [08/Aug/2024:05:26:32 +0000] "GET /app/static/css/main.29bca1b5.css HTTP/1.1" 200 5224 "http://211.218.17.10/app/reset_password?token=eyJhbGciOiJIUzI1NiIsInR5cCI6IkpXVCJ9.eyJleHAiOjE3MjMyNjc1NzEuNTg5ODU4LCJuYmYiOjE3MjMwOTQ3NzEsInN1YiI6ImN5a2JveTQzQGdtYWlsLmNvbSJ9.v71Li96xwah3l0_5t8_QhDkHbx5ipULopc9yvujZC2A" "Mozilla/5.0 (Windows NT 10.0; Win64; x64) AppleWebKit/537.36 (KHTML, like Gecko) Chrome/123.0.0.0 Safari/537.36 OPR/109.0.0.0"
63.124.68.6 - - [08/Aug/2024:05:26:32 +0000] "GET /app/static/media/SourceSansPro-Bold.118dea98980e20a81ced.woff2 HTTP/1.1" 200 76860 "http://211.218.17.10/app/reset_password?token=eyJhbGciOiJIUzI1NiIsInR5cCI6IkpXVCJ9.eyJleHAiOjE3MjMyNjc1NzEuNTg5ODU4LCJuYmYiOjE3MjMwOTQ3NzEsInN1YiI6ImN5a2JveTQzQGdtYWlsLmNvbSJ9.v71Li96xwah3l0_5t8_QhDkHbx5ipULopc9yvujZC2A" "Mozilla/5.0 (Windows NT 10.0; Win64; x64) AppleWebKit/537.36 (KHTML, like Gecko) Chrome/123.0.0.0 Safari/537.36 OPR/109.0.0.0"
63.124.68.6 - - [08/Aug/2024:05:26:32 +0000] "GET /app/static/media/SourceSansPro-SemiBold.abed79cd0df1827e18cf.woff2 HTTP/1.1" 200 77452 "http://211.218.17.10/app/reset_password?token=eyJhbGciOiJIUzI1NiIsInR5cCI6IkpXVCJ9.eyJleHAiOjE3MjMyNjc1NzEuNTg5ODU4LCJuYmYiOjE3MjMwOTQ3NzEsInN1YiI6ImN5a2JveTQzQGdtYWlsLmNvbSJ9.v71Li96xwah3l0_5t8_QhDkHbx5ipULopc9yvujZC2A" "Mozilla/5.0 (Windows NT 10.0; Win64; x64) AppleWebKit/537.36 (KHTML, like Gecko) Chrome/123.0.0.0 Safari/537.36 OPR/109.0.0.0"
204.116.80.37 - - [08/Aug/2024:05:26:33 +0000] "GET /app/static/js/main.d55f6a3c.js HTTP/1.1" 200 1017301 "http://211.218.17.10/app/reset_password?token=eyJhbGciOiJIUzI1NiIsInR5cCI6IkpXVCJ9.eyJleHAiOjE3MjMyNjc1NzEuNTg5ODU4LCJuYmYiOjE3MjMwOTQ3NzEsInN1YiI6ImN5a2JveTQzQGdtYWlsLmNvbSJ9.v71Li96xwah3l0_5t8_QhDkHbx5ipULopc9yvujZC2A" "Mozilla/5.0 (Windows NT 10.0; Win64; x64) AppleWebKit/537.36 (KHTML, like Gecko) Chrome/126.0.0.0 Safari/537.36"
63.124.68.6 - - [08/Aug/2024:05:26:33 +0000] "GET /app/static/js/main.d55f6a3c.js HTTP/1.1" 200 1017301 "http://211.218.17.10/app/reset_password?token=eyJhbGciOiJIUzI1NiIsInR5cCI6IkpXVCJ9.eyJleHAiOjE3MjMyNjc1NzEuNTg5ODU4LCJuYmYiOjE3MjMwOTQ3NzEsInN1YiI6ImN5a2JveTQzQGdtYWlsLmNvbSJ9.v71Li96xwah3l0_5t8_QhDkHbx5ipULopc9yvujZC2A" "Mozilla/5.0 (Windows NT 10.0; Win64; x64) AppleWebKit/537.36 (KHTML, like Gecko) Chrome/123.0.0.0 Safari/537.36 OPR/109.0.0.0"
204.116.80.37 - - [08/Aug/2024:05:26:34 +0000] "GET /app/reset_password/_stcore/health HTTP/1.1" 404 891 "http://211.218.17.10/app/reset_password?token=eyJhbGciOiJIUzI1NiIsInR5cCI6IkpXVCJ9.eyJleHAiOjE3MjMyNjc1NzEuNTg5ODU4LCJuYmYiOjE3MjMwOTQ3NzEsInN1YiI6ImN5a2JveTQzQGdtYWlsLmNvbSJ9.v71Li96xwah3l0_5t8_QhDkHbx5ipULopc9yvujZC2A" "Mozilla/5.0 (Windows NT 10.0; Win64; x64) AppleWebKit/537.36 (KHTML, like Gecko) Chrome/126.0.0.0 Safari/537.36"
204.116.80.37 - - [08/Aug/2024:05:26:34 +0000] "GET /app/reset_password/_stcore/host-config HTTP/1.1" 404 891 "http://211.218.17.10/app/reset_password?token=eyJhbGciOiJIUzI1NiIsInR5cCI6IkpXVCJ9.eyJleHAiOjE3MjMyNjc1NzEuNTg5ODU4LCJuYmYiOjE3MjMwOTQ3NzEsInN1YiI6ImN5a2JveTQzQGdtYWlsLmNvbSJ9.v71Li96xwah3l0_5t8_QhDkHbx5ipULopc9yvujZC2A" "Mozilla/5.0 (Windows NT 10.0; Win64; x64) AppleWebKit/537.36 (KHTML, like Gecko) Chrome/126.0.0.0 Safari/537.36"
204.116.80.37 - - [08/Aug/2024:05:26:34 +0000] "GET /app/_stcore/host-config HTTP/1.1" 200 636 "http://211.218.17.10/app/reset_password?token=eyJhbGciOiJIUzI1NiIsInR5cCI6IkpXVCJ9.eyJleHAiOjE3MjMyNjc1NzEuNTg5ODU4LCJuYmYiOjE3MjMwOTQ3NzEsInN1YiI6ImN5a2JveTQzQGdtYWlsLmNvbSJ9.v71Li96xwah3l0_5t8_QhDkHbx5ipULopc9yvujZC2A" "Mozilla/5.0 (Windows NT 10.0; Win64; x64) AppleWebKit/537.36 (KHTML, like Gecko) Chrome/126.0.0.0 Safari/537.36"
204.116.80.37 - - [08/Aug/2024:05:26:34 +0000] "GET /app/_stcore/health HTTP/1.1" 200 2 "http://211.218.17.10/app/reset_password?token=eyJhbGciOiJIUzI1NiIsInR5cCI6IkpXVCJ9.eyJleHAiOjE3MjMyNjc1NzEuNTg5ODU4LCJuYmYiOjE3MjMwOTQ3NzEsInN1YiI6ImN5a2JveTQzQGdtYWlsLmNvbSJ9.v71Li96xwah3l0_5t8_QhDkHbx5ipULopc9yvujZC2A" "Mozilla/5.0 (Windows NT 10.0; Win64; x64) AppleWebKit/537.36 (KHTML, like Gecko) Chrome/126.0.0.0 Safari/537.36"
63.124.68.6 - - [08/Aug/2024:05:26:34 +0000] "GET /app/reset_password/_stcore/health HTTP/1.1" 404 891 "http://211.218.17.10/app/reset_password?token=eyJhbGciOiJIUzI1NiIsInR5cCI6IkpXVCJ9.eyJleHAiOjE3MjMyNjc1NzEuNTg5ODU4LCJuYmYiOjE3MjMwOTQ3NzEsInN1YiI6ImN5a2JveTQzQGdtYWlsLmNvbSJ9.v71Li96xwah3l0_5t8_QhDkHbx5ipULopc9yvujZC2A" "Mozilla/5.0 (Windows NT 10.0; Win64; x64) AppleWebKit/537.36 (KHTML, like Gecko) Chrome/123.0.0.0 Safari/537.36 OPR/109.0.0.0"
63.124.68.6 - - [08/Aug/2024:05:26:34 +0000] "GET /app/reset_password/_stcore/host-config HTTP/1.1" 404 891 "http://211.218.17.10/app/reset_password?token=eyJhbGciOiJIUzI1NiIsInR5cCI6IkpXVCJ9.eyJleHAiOjE3MjMyNjc1NzEuNTg5ODU4LCJuYmYiOjE3MjMwOTQ3NzEsInN1YiI6ImN5a2JveTQzQGdtYWlsLmNvbSJ9.v71Li96xwah3l0_5t8_QhDkHbx5ipULopc9yvujZC2A" "Mozilla/5.0 (Windows NT 10.0; Win64; x64) AppleWebKit/537.36 (KHTML, like Gecko) Chrome/123.0.0.0 Safari/537.36 OPR/109.0.0.0"
63.124.68.6 - - [08/Aug/2024:05:26:35 +0000] "GET /app/_stcore/health HTTP/1.1" 200 2 "http://211.218.17.10/app/reset_password?token=eyJhbGciOiJIUzI1NiIsInR5cCI6IkpXVCJ9.eyJleHAiOjE3MjMyNjc1NzEuNTg5ODU4LCJuYmYiOjE3MjMwOTQ3NzEsInN1YiI6ImN5a2JveTQzQGdtYWlsLmNvbSJ9.v71Li96xwah3l0_5t8_QhDkHbx5ipULopc9yvujZC2A" "Mozilla/5.0 (Windows NT 10.0; Win64; x64) AppleWebKit/537.36 (KHTML, like Gecko) Chrome/123.0.0.0 Safari/537.36 OPR/109.0.0.0"
63.124.68.6 - - [08/Aug/2024:05:26:35 +0000] "GET /app/_stcore/host-config HTTP/1.1" 200 636 "http://211.218.17.10/app/reset_password?token=eyJhbGciOiJIUzI1NiIsInR5cCI6IkpXVCJ9.eyJleHAiOjE3MjMyNjc1NzEuNTg5ODU4LCJuYmYiOjE3MjMwOTQ3NzEsInN1YiI6ImN5a2JveTQzQGdtYWlsLmNvbSJ9.v71Li96xwah3l0_5t8_QhDkHbx5ipULopc9yvujZC2A" "Mozilla/5.0 (Windows NT 10.0; Win64; x64) AppleWebKit/537.36 (KHTML, like Gecko) Chrome/123.0.0.0 Safari/537.36 OPR/109.0.0.0"
204.116.80.37 - - [08/Aug/2024:05:26:35 +0000] "GET /app/reset_password/_stcore/host-config HTTP/1.1" 404 891 "http://211.218.17.10/app/reset_password?token=eyJhbGciOiJIUzI1NiIsInR5cCI6IkpXVCJ9.eyJleHAiOjE3MjMyNjc1NzEuNTg5ODU4LCJuYmYiOjE3MjMwOTQ3NzEsInN1YiI6ImN5a2JveTQzQGdtYWlsLmNvbSJ9.v71Li96xwah3l0_5t8_QhDkHbx5ipULopc9yvujZC2A" "Mozilla/5.0 (Windows NT 10.0; Win64; x64) AppleWebKit/537.36 (KHTML, like Gecko) Chrome/126.0.0.0 Safari/537.36"
204.116.80.37 - - [08/Aug/2024:05:26:35 +0000] "GET /app/reset_password/_stcore/health HTTP/1.1" 404 891 "http://211.218.17.10/app/reset_password?token=eyJhbGciOiJIUzI1NiIsInR5cCI6IkpXVCJ9.eyJleHAiOjE3MjMyNjc1NzEuNTg5ODU4LCJuYmYiOjE3MjMwOTQ3NzEsInN1YiI6ImN5a2JveTQzQGdtYWlsLmNvbSJ9.v71Li96xwah3l0_5t8_QhDkHbx5ipULopc9yvujZC2A" "Mozilla/5.0 (Windows NT 10.0; Win64; x64) AppleWebKit/537.36 (KHTML, like Gecko) Chrome/126.0.0.0 Safari/537.36"
204.116.80.37 - - [08/Aug/2024:05:26:35 +0000] "GET /app/_stcore/host-config HTTP/1.1" 304 0 "http://211.218.17.10/app/reset_password?token=eyJhbGciOiJIUzI1NiIsInR5cCI6IkpXVCJ9.eyJleHAiOjE3MjMyNjc1NzEuNTg5ODU4LCJuYmYiOjE3MjMwOTQ3NzEsInN1YiI6ImN5a2JveTQzQGdtYWlsLmNvbSJ9.v71Li96xwah3l0_5t8_QhDkHbx5ipULopc9yvujZC2A" "Mozilla/5.0 (Windows NT 10.0; Win64; x64) AppleWebKit/537.36 (KHTML, like Gecko) Chrome/126.0.0.0 Safari/537.36"
204.116.80.37 - - [08/Aug/2024:05:26:35 +0000] "GET /app/_stcore/health HTTP/1.1" 304 0 "http://211.218.17.10/app/reset_password?token=eyJhbGciOiJIUzI1NiIsInR5cCI6IkpXVCJ9.eyJleHAiOjE3MjMyNjc1NzEuNTg5ODU4LCJuYmYiOjE3MjMwOTQ3NzEsInN1YiI6ImN5a2JveTQzQGdtYWlsLmNvbSJ9.v71Li96xwah3l0_5t8_QhDkHbx5ipULopc9yvujZC2A" "Mozilla/5.0 (Windows NT 10.0; Win64; x64) AppleWebKit/537.36 (KHTML, like Gecko) Chrome/126.0.0.0 Safari/537.36"
63.124.68.6 - - [08/Aug/2024:05:26:35 +0000] "GET /app/reset_password/_stcore/host-config HTTP/1.1" 404 891 "http://211.218.17.10/app/reset_password?token=eyJhbGciOiJIUzI1NiIsInR5cCI6IkpXVCJ9.eyJleHAiOjE3MjMyNjc1NzEuNTg5ODU4LCJuYmYiOjE3MjMwOTQ3NzEsInN1YiI6ImN5a2JveTQzQGdtYWlsLmNvbSJ9.v71Li96xwah3l0_5t8_QhDkHbx5ipULopc9yvujZC2A" "Mozilla/5.0 (Windows NT 10.0; Win64; x64) AppleWebKit/537.36 (KHTML, like Gecko) Chrome/123.0.0.0 Safari/537.36 OPR/109.0.0.0"
63.124.68.6 - - [08/Aug/2024:05:26:35 +0000] "GET /app/reset_password/_stcore/health HTTP/1.1" 404 891 "http://211.218.17.10/app/reset_password?token=eyJhbGciOiJIUzI1NiIsInR5cCI6IkpXVCJ9.eyJleHAiOjE3MjMyNjc1NzEuNTg5ODU4LCJuYmYiOjE3MjMwOTQ3NzEsInN1YiI6ImN5a2JveTQzQGdtYWlsLmNvbSJ9.v71Li96xwah3l0_5t8_QhDkHbx5ipULopc9yvujZC2A" "Mozilla/5.0 (Windows NT 10.0; Win64; x64) AppleWebKit/537.36 (KHTML, like Gecko) Chrome/123.0.0.0 Safari/537.36 OPR/109.0.0.0"
63.124.68.6 - - [08/Aug/2024:05:26:35 +0000] "GET /app/_stcore/health HTTP/1.1" 304 0 "http://211.218.17.10/app/reset_password?token=eyJhbGciOiJIUzI1NiIsInR5cCI6IkpXVCJ9.eyJleHAiOjE3MjMyNjc1NzEuNTg5ODU4LCJuYmYiOjE3MjMwOTQ3NzEsInN1YiI6ImN5a2JveTQzQGdtYWlsLmNvbSJ9.v71Li96xwah3l0_5t8_QhDkHbx5ipULopc9yvujZC2A" "Mozilla/5.0 (Windows NT 10.0; Win64; x64) AppleWebKit/537.36 (KHTML, like Gecko) Chrome/123.0.0.0 Safari/537.36 OPR/109.0.0.0"
63.124.68.6 - - [08/Aug/2024:05:26:35 +0000] "GET /app/_stcore/host-config HTTP/1.1" 304 0 "http://211.218.17.10/app/reset_password?token=eyJhbGciOiJIUzI1NiIsInR5cCI6IkpXVCJ9.eyJleHAiOjE3MjMyNjc1NzEuNTg5ODU4LCJuYmYiOjE3MjMwOTQ3NzEsInN1YiI6ImN5a2JveTQzQGdtYWlsLmNvbSJ9.v71Li96xwah3l0_5t8_QhDkHbx5ipULopc9yvujZC2A" "Mozilla/5.0 (Windows NT 10.0; Win64; x64) AppleWebKit/537.36 (KHTML, like Gecko) Chrome/123.0.0.0 Safari/537.36 OPR/109.0.0.0"
204.116.80.37 - - [08/Aug/2024:05:26:35 +0000] "GET /app/_stcore/stream HTTP/1.1" 101 0 "-" "Mozilla/5.0 (Windows NT 10.0; Win64; x64) AppleWebKit/537.36 (KHTML, like Gecko) Chrome/126.0.0.0 Safari/537.36"
63.124.68.6 - - [08/Aug/2024:05:26:36 +0000] "GET /app/_stcore/stream HTTP/1.1" 101 0 "-" "Mozilla/5.0 (Windows NT 10.0; Win64; x64) AppleWebKit/537.36 (KHTML, like Gecko) Chrome/123.0.0.0 Safari/537.36 OPR/109.0.0.0"
211.218.17.9 - - [08/Aug/2024:05:29:31 +0000] "GET / HTTP/1.1" 200 476 "-" "Mozilla/5.0 (Windows NT 10.0; Win64; x64) AppleWebKit/537.36 (KHTML, like Gecko) Chrome/127.0.0.0 Safari/537.36"
211.218.17.9 - - [08/Aug/2024:05:29:32 +0000] "GET /static/media/SourceSansPro-Regular.0d69e5ff5e92ac64a0c9.woff2 HTTP/1.1" 200 77664 "http://211.218.17.10/" "Mozilla/5.0 (Windows NT 10.0; Win64; x64) AppleWebKit/537.36 (KHTML, like Gecko) Chrome/127.0.0.0 Safari/537.36"
211.218.17.9 - - [08/Aug/2024:05:29:32 +0000] "GET /static/media/SourceSansPro-SemiBold.abed79cd0df1827e18cf.woff2 HTTP/1.1" 200 77452 "http://211.218.17.10/" "Mozilla/5.0 (Windows NT 10.0; Win64; x64) AppleWebKit/537.36 (KHTML, like Gecko) Chrome/127.0.0.0 Safari/537.36"
211.218.17.9 - - [08/Aug/2024:05:29:32 +0000] "GET /static/media/SourceSansPro-Bold.118dea98980e20a81ced.woff2 HTTP/1.1" 200 76860 "http://211.218.17.10/" "Mozilla/5.0 (Windows NT 10.0; Win64; x64) AppleWebKit/537.36 (KHTML, like Gecko) Chrome/127.0.0.0 Safari/537.36"
211.218.17.9 - - [08/Aug/2024:05:29:32 +0000] "GET /static/js/main.d55f6a3c.js HTTP/1.1" 200 1017464 "http://211.218.17.10/" "Mozilla/5.0 (Windows NT 10.0; Win64; x64) AppleWebKit/537.36 (KHTML, like Gecko) Chrome/127.0.0.0 Safari/537.36"
211.218.17.9 - - [08/Aug/2024:05:29:32 +0000] "GET /static/css/main.29bca1b5.css HTTP/1.1" 200 5224 "http://211.218.17.10/" "Mozilla/5.0 (Windows NT 10.0; Win64; x64) AppleWebKit/537.36 (KHTML, like Gecko) Chrome/127.0.0.0 Safari/537.36"
211.218.17.9 - - [08/Aug/2024:05:29:32 +0000] "GET /_stcore/host-config HTTP/1.1" 200 636 "http://211.218.17.10/" "Mozilla/5.0 (Windows NT 10.0; Win64; x64) AppleWebKit/537.36 (KHTML, like Gecko) Chrome/127.0.0.0 Safari/537.36"
211.218.17.9 - - [08/Aug/2024:05:29:32 +0000] "GET /_stcore/health HTTP/1.1" 200 2 "http://211.218.17.10/" "Mozilla/5.0 (Windows NT 10.0; Win64; x64) AppleWebKit/537.36 (KHTML, like Gecko) Chrome/127.0.0.0 Safari/537.36"
211.218.17.9 - - [08/Aug/2024:05:29:32 +0000] "GET /favicon.png HTTP/1.1" 200 1019 "http://211.218.17.10/" "Mozilla/5.0 (Windows NT 10.0; Win64; x64) AppleWebKit/537.36 (KHTML, like Gecko) Chrome/127.0.0.0 Safari/537.36"
211.218.17.9 - - [08/Aug/2024:05:29:33 +0000] "GET /media/a75765ac9fadf08bacc6595da393c730d20361119c6a272c7f38a7d3.png HTTP/1.1" 200 8574 "http://211.218.17.10/" "Mozilla/5.0 (Windows NT 10.0; Win64; x64) AppleWebKit/537.36 (KHTML, like Gecko) Chrome/127.0.0.0 Safari/537.36"
211.218.17.9 - - [08/Aug/2024:05:29:33 +0000] "GET /static/js/4113.99983645.chunk.js HTTP/1.1" 200 1227 "http://211.218.17.10/" "Mozilla/5.0 (Windows NT 10.0; Win64; x64) AppleWebKit/537.36 (KHTML, like Gecko) Chrome/127.0.0.0 Safari/537.36"
211.218.17.9 - - [08/Aug/2024:05:29:33 +0000] "GET /static/js/9656.8c935274.chunk.js HTTP/1.1" 200 6015 "http://211.218.17.10/" "Mozilla/5.0 (Windows NT 10.0; Win64; x64) AppleWebKit/537.36 (KHTML, like Gecko) Chrome/127.0.0.0 Safari/537.36"
211.218.17.9 - - [08/Aug/2024:05:29:33 +0000] "GET /static/js/8691.cb9c04cf.chunk.js HTTP/1.1" 200 4179 "http://211.218.17.10/" "Mozilla/5.0 (Windows NT 10.0; Win64; x64) AppleWebKit/537.36 (KHTML, like Gecko) Chrome/127.0.0.0 Safari/537.36"
211.218.17.9 - - [08/Aug/2024:05:29:33 +0000] "GET /static/js/1792.8bd6ce2a.chunk.js HTTP/1.1" 200 528 "http://211.218.17.10/" "Mozilla/5.0 (Windows NT 10.0; Win64; x64) AppleWebKit/537.36 (KHTML, like Gecko) Chrome/127.0.0.0 Safari/537.36"
211.218.17.9 - - [08/Aug/2024:05:29:37 +0000] "GET /app/reset_password/_stcore/host-config HTTP/1.1" 404 891 "http://211.218.17.10/app/" "Mozilla/5.0 (Windows NT 10.0; Win64; x64) AppleWebKit/537.36 (KHTML, like Gecko) Chrome/127.0.0.0 Safari/537.36"
211.218.17.9 - - [08/Aug/2024:05:29:37 +0000] "GET /app/reset_password/_stcore/health HTTP/1.1" 404 891 "http://211.218.17.10/app/" "Mozilla/5.0 (Windows NT 10.0; Win64; x64) AppleWebKit/537.36 (KHTML, like Gecko) Chrome/127.0.0.0 Safari/537.36"
211.218.17.9 - - [08/Aug/2024:05:29:43 +0000] "GET /app/quiz_generator/_stcore/health HTTP/1.1" 404 891 "http://211.218.17.10/app/" "Mozilla/5.0 (Windows NT 10.0; Win64; x64) AppleWebKit/537.36 (KHTML, like Gecko) Chrome/127.0.0.0 Safari/537.36"
211.218.17.9 - - [08/Aug/2024:05:29:43 +0000] "GET /app/quiz_generator/_stcore/host-config HTTP/1.1" 404 891 "http://211.218.17.10/app/" "Mozilla/5.0 (Windows NT 10.0; Win64; x64) AppleWebKit/537.36 (KHTML, like Gecko) Chrome/127.0.0.0 Safari/537.36"
211.218.17.9 - - [08/Aug/2024:05:29:52 +0000] "GET /media/a75765ac9fadf08bacc6595da393c730d20361119c6a272c7f38a7d3.png HTTP/1.1" 304 0 "http://211.218.17.10/api_docs_user" "Mozilla/5.0 (Windows NT 10.0; Win64; x64) AppleWebKit/537.36 (KHTML, like Gecko) Chrome/127.0.0.0 Safari/537.36"
211.218.17.9 - - [08/Aug/2024:05:29:53 +0000] "GET /media/a75765ac9fadf08bacc6595da393c730d20361119c6a272c7f38a7d3.png HTTP/1.1" 304 0 "http://211.218.17.10/api_docs_auth" "Mozilla/5.0 (Windows NT 10.0; Win64; x64) AppleWebKit/537.36 (KHTML, like Gecko) Chrome/127.0.0.0 Safari/537.36"
211.218.17.9 - - [08/Aug/2024:05:30:36 +0000] "GET /app/_stcore/health HTTP/1.1" 404 891 "http://211.218.17.10/app/" "Mozilla/5.0 (Windows NT 10.0; Win64; x64) AppleWebKit/537.36 (KHTML, like Gecko) Chrome/127.0.0.0 Safari/537.36"
211.218.17.9 - - [08/Aug/2024:05:30:36 +0000] "GET /app/_stcore/host-config HTTP/1.1" 404 891 "http://211.218.17.10/app/" "Mozilla/5.0 (Windows NT 10.0; Win64; x64) AppleWebKit/537.36 (KHTML, like Gecko) Chrome/127.0.0.0 Safari/537.36"
211.218.17.9 - - [08/Aug/2024:05:30:44 +0000] "GET /app/_stcore/health HTTP/1.1" 404 891 "http://211.218.17.10/app/" "Mozilla/5.0 (Windows NT 10.0; Win64; x64) AppleWebKit/537.36 (KHTML, like Gecko) Chrome/127.0.0.0 Safari/537.36"
211.218.17.9 - - [08/Aug/2024:05:30:44 +0000] "GET /app/_stcore/host-config HTTP/1.1" 404 891 "http://211.218.17.10/app/" "Mozilla/5.0 (Windows NT 10.0; Win64; x64) AppleWebKit/537.36 (KHTML, like Gecko) Chrome/127.0.0.0 Safari/537.36"
211.218.17.9 - - [08/Aug/2024:05:31:26 +0000] "GET / HTTP/1.1" 304 0 "-" "Mozilla/5.0 (Windows NT 10.0; Win64; x64) AppleWebKit/537.36 (KHTML, like Gecko) Chrome/127.0.0.0 Safari/537.36"
211.218.17.9 - - [08/Aug/2024:05:31:26 +0000] "GET /_stcore/stream HTTP/1.1" 101 88766 "-" "Mozilla/5.0 (Windows NT 10.0; Win64; x64) AppleWebKit/537.36 (KHTML, like Gecko) Chrome/127.0.0.0 Safari/537.36"
211.218.17.9 - - [08/Aug/2024:05:31:26 +0000] "GET /_stcore/health HTTP/1.1" 304 0 "http://211.218.17.10/" "Mozilla/5.0 (Windows NT 10.0; Win64; x64) AppleWebKit/537.36 (KHTML, like Gecko) Chrome/127.0.0.0 Safari/537.36"
211.218.17.9 - - [08/Aug/2024:05:31:26 +0000] "GET /_stcore/host-config HTTP/1.1" 304 0 "http://211.218.17.10/" "Mozilla/5.0 (Windows NT 10.0; Win64; x64) AppleWebKit/537.36 (KHTML, like Gecko) Chrome/127.0.0.0 Safari/537.36"
211.218.17.9 - - [08/Aug/2024:05:31:27 +0000] "GET /media/a75765ac9fadf08bacc6595da393c730d20361119c6a272c7f38a7d3.png HTTP/1.1" 304 0 "http://211.218.17.10/" "Mozilla/5.0 (Windows NT 10.0; Win64; x64) AppleWebKit/537.36 (KHTML, like Gecko) Chrome/127.0.0.0 Safari/537.36"
211.218.17.9 - - [08/Aug/2024:05:31:36 +0000] "GET /app/reset_password/_stcore/health HTTP/1.1" 404 891 "http://211.218.17.10/app/" "Mozilla/5.0 (Windows NT 10.0; Win64; x64) AppleWebKit/537.36 (KHTML, like Gecko) Chrome/127.0.0.0 Safari/537.36"
211.218.17.9 - - [08/Aug/2024:05:31:36 +0000] "GET /app/reset_password/_stcore/host-config HTTP/1.1" 404 891 "http://211.218.17.10/app/" "Mozilla/5.0 (Windows NT 10.0; Win64; x64) AppleWebKit/537.36 (KHTML, like Gecko) Chrome/127.0.0.0 Safari/537.36"
211.218.17.9 - - [08/Aug/2024:05:31:45 +0000] "GET /app/quiz_generator/_stcore/health HTTP/1.1" 404 891 "http://211.218.17.10/app/" "Mozilla/5.0 (Windows NT 10.0; Win64; x64) AppleWebKit/537.36 (KHTML, like Gecko) Chrome/127.0.0.0 Safari/537.36"
211.218.17.9 - - [08/Aug/2024:05:31:45 +0000] "GET /app/quiz_generator/_stcore/host-config HTTP/1.1" 404 891 "http://211.218.17.10/app/" "Mozilla/5.0 (Windows NT 10.0; Win64; x64) AppleWebKit/537.36 (KHTML, like Gecko) Chrome/127.0.0.0 Safari/537.36"
211.218.17.9 - - [08/Aug/2024:05:31:54 +0000] "GET /reset_password?token=eyJhbGciOiJIUzI1NiIsInR5cCI6IkpXVCJ9.eyJleHAiOjE3MjMyNjc4OTQuMDI5NjI5LCJuYmYiOjE3MjMwOTUwOTQsInN1YiI6ImN5a2JveTQzQGdtYWlsLmNvbSJ9.EslOEdRmJDrHjpUKtbzEziQDBu-bS6V3nFsI4P3XHEg HTTP/1.1" 200 476 "-" "Mozilla/5.0 (Windows NT 10.0; Win64; x64) AppleWebKit/537.36 (KHTML, like Gecko) Chrome/127.0.0.0 Safari/537.36"
211.218.17.9 - - [08/Aug/2024:05:31:54 +0000] "GET /static/media/SourceSansPro-Regular.0d69e5ff5e92ac64a0c9.woff2 HTTP/1.1" 200 77664 "http://211.218.17.10/reset_password?token=eyJhbGciOiJIUzI1NiIsInR5cCI6IkpXVCJ9.eyJleHAiOjE3MjMyNjc4OTQuMDI5NjI5LCJuYmYiOjE3MjMwOTUwOTQsInN1YiI6ImN5a2JveTQzQGdtYWlsLmNvbSJ9.EslOEdRmJDrHjpUKtbzEziQDBu-bS6V3nFsI4P3XHEg" "Mozilla/5.0 (Windows NT 10.0; Win64; x64) AppleWebKit/537.36 (KHTML, like Gecko) Chrome/127.0.0.0 Safari/537.36"
211.218.17.9 - - [08/Aug/2024:05:31:54 +0000] "GET /static/css/main.29bca1b5.css HTTP/1.1" 200 5229 "http://211.218.17.10/reset_password?token=eyJhbGciOiJIUzI1NiIsInR5cCI6IkpXVCJ9.eyJleHAiOjE3MjMyNjc4OTQuMDI5NjI5LCJuYmYiOjE3MjMwOTUwOTQsInN1YiI6ImN5a2JveTQzQGdtYWlsLmNvbSJ9.EslOEdRmJDrHjpUKtbzEziQDBu-bS6V3nFsI4P3XHEg" "Mozilla/5.0 (Windows NT 10.0; Win64; x64) AppleWebKit/537.36 (KHTML, like Gecko) Chrome/127.0.0.0 Safari/537.36"
211.218.17.9 - - [08/Aug/2024:05:31:54 +0000] "GET /static/media/SourceSansPro-SemiBold.abed79cd0df1827e18cf.woff2 HTTP/1.1" 200 77452 "http://211.218.17.10/reset_password?token=eyJhbGciOiJIUzI1NiIsInR5cCI6IkpXVCJ9.eyJleHAiOjE3MjMyNjc4OTQuMDI5NjI5LCJuYmYiOjE3MjMwOTUwOTQsInN1YiI6ImN5a2JveTQzQGdtYWlsLmNvbSJ9.EslOEdRmJDrHjpUKtbzEziQDBu-bS6V3nFsI4P3XHEg" "Mozilla/5.0 (Windows NT 10.0; Win64; x64) AppleWebKit/537.36 (KHTML, like Gecko) Chrome/127.0.0.0 Safari/537.36"
211.218.17.9 - - [08/Aug/2024:05:31:54 +0000] "GET /static/media/SourceSansPro-Bold.118dea98980e20a81ced.woff2 HTTP/1.1" 200 76860 "http://211.218.17.10/reset_password?token=eyJhbGciOiJIUzI1NiIsInR5cCI6IkpXVCJ9.eyJleHAiOjE3MjMyNjc4OTQuMDI5NjI5LCJuYmYiOjE3MjMwOTUwOTQsInN1YiI6ImN5a2JveTQzQGdtYWlsLmNvbSJ9.EslOEdRmJDrHjpUKtbzEziQDBu-bS6V3nFsI4P3XHEg" "Mozilla/5.0 (Windows NT 10.0; Win64; x64) AppleWebKit/537.36 (KHTML, like Gecko) Chrome/127.0.0.0 Safari/537.36"
211.218.17.9 - - [08/Aug/2024:05:31:54 +0000] "GET /static/js/main.d55f6a3c.js HTTP/1.1" 200 1017463 "http://211.218.17.10/reset_password?token=eyJhbGciOiJIUzI1NiIsInR5cCI6IkpXVCJ9.eyJleHAiOjE3MjMyNjc4OTQuMDI5NjI5LCJuYmYiOjE3MjMwOTUwOTQsInN1YiI6ImN5a2JveTQzQGdtYWlsLmNvbSJ9.EslOEdRmJDrHjpUKtbzEziQDBu-bS6V3nFsI4P3XHEg" "Mozilla/5.0 (Windows NT 10.0; Win64; x64) AppleWebKit/537.36 (KHTML, like Gecko) Chrome/127.0.0.0 Safari/537.36"
211.218.17.9 - - [08/Aug/2024:05:31:55 +0000] "GET /reset_password/_stcore/host-config HTTP/1.1" 404 891 "http://211.218.17.10/reset_password?token=eyJhbGciOiJIUzI1NiIsInR5cCI6IkpXVCJ9.eyJleHAiOjE3MjMyNjc4OTQuMDI5NjI5LCJuYmYiOjE3MjMwOTUwOTQsInN1YiI6ImN5a2JveTQzQGdtYWlsLmNvbSJ9.EslOEdRmJDrHjpUKtbzEziQDBu-bS6V3nFsI4P3XHEg" "Mozilla/5.0 (Windows NT 10.0; Win64; x64) AppleWebKit/537.36 (KHTML, like Gecko) Chrome/127.0.0.0 Safari/537.36"
